H8S,H8/300 SERIES C COMPILER (Ver. 2.0D for Evaluation)21-May-2018  14:17:50  PAGE   1

************ SOURCE LISTING ************

FILE NAME: C2asm02.c

  Seq File        Line Pi 0----+----1----+----2----+----3----+----4----+----5----+----6----+----7----+----8----+----9----+----0----+
    1 C2asm02.c      1     int globalsum=0;
    2 C2asm02.c      2     
    3 C2asm02.c      3             void test1(void)
    4 C2asm02.c      4             {
    5 C2asm02.c      5                 int localsum=0;
    6 C2asm02.c      6                 int i;
    7 C2asm02.c      7                 for (i=1;i<=10;i++) {
    8 C2asm02.c      8                     localsum+=i;
    9 C2asm02.c      9                 }
   10 C2asm02.c     10             }
   11 C2asm02.c     11     
   12 C2asm02.c     12             int test2(void)
   13 C2asm02.c     13             {
   14 C2asm02.c     14                 int localsum=0;
   15 C2asm02.c     15                 int i;
   16 C2asm02.c     16                 for (i=1;i<=10;i++) {
   17 C2asm02.c     17                     localsum+=i;
   18 C2asm02.c     18                 }
   19 C2asm02.c     19                 return localsum;
   20 C2asm02.c     20             }
   21 C2asm02.c     21     
   22 C2asm02.c     22             void test3(void)
   23 C2asm02.c     23             {
   24 C2asm02.c     24                 static int staticsum;
   25 C2asm02.c     25                 int i;
   26 C2asm02.c     26                 for (i=1;i<=10;i++) {
   27 C2asm02.c     27                     staticsum+=i;
   28 C2asm02.c     28                 }
   29 C2asm02.c     29             }
   30 C2asm02.c     30     
   31 C2asm02.c     31             void test4(void)
   32 C2asm02.c     32             {
   33 C2asm02.c     33                 int i;
   34 C2asm02.c     34                 for (i=1;i<=10;i++) {
   35 C2asm02.c     35                     globalsum+=i;
   36 C2asm02.c     36                 }
   37 C2asm02.c     37             }
H8S,H8/300 SERIES C COMPILER (Ver. 2.0D for Evaluation)21-May-2018  14:17:50  PAGE   1

** ASSEMBLER/LINKAGE EDITOR LIMITS INFORMATION **

NUMBER OF EXTERNAL REFERENCE  SYMBOLS:        0 
NUMBER OF EXTERNAL DEFINITION SYMBOLS:        5 
NUMBER OF INTERNAL/EXTERNAL SYMBOLS:         10 



********* CPU MODE INFORMATION *********

cpu=300ha
