                                        H SERIES LINKAGE EDITOR Ver. 5.3B


LINK COMMAND LINE


LNK mon2ex1102 -PRINT=mon2ex1102 



                                  H SERIES LINKAGE EDITOR Ver. 5.3B                      PAGE :     1

                                        ***     LINKAGE EDITOR LINK MAP LIST      ***


SECTION   NAME                       START      -      END         LENGTH
                                                              UNIT NAME                          MODULE NAME


ATTRIBUTE  :   DATA  NOSHR

A                                 H'000FF030    -    H'000FF033   H'00000004
                                                              mon2ex1102                         mon2ex1102                      

* TOTAL ADDRESS *                 H'000FF030    -    H'000FF033   H'00000004


ATTRIBUTE  :   CODE  NOSHR

P                                 H'000FF200    -    H'000FF23B   H'0000003C
                                                              mon2ex1102                         mon2ex1102                      

* TOTAL ADDRESS *                 H'000FF200    -    H'000FF23B   H'0000003C
