                                        H SERIES LINKAGE EDITOR Ver. 5.3B


LINK COMMAND LINE


LNK /SUB=link.sub 



LINK SUBCOMMANDS


INPUT   crt0,vector,sample,MinSys3069,kernel_cfg
LIBRARY \Progra~1\h8v2\lib\c38ha
LIBRARY \hos_v4\lib\h83\akih8\h4h83aki
DEFINE  STACK(0FFFF20)
PRINT   sample.map
OUTPUT  sample.abs
ROM     (D,X)
START VECT(0),P,C,D(100),X,B(0400000)
EXIT



                                  H SERIES LINKAGE EDITOR Ver. 5.3B                      PAGE :     1

                                        ***     LINKAGE EDITOR LINK MAP LIST      ***


SECTION   NAME                       START      -      END         LENGTH
                                                              UNIT NAME                          MODULE NAME


ATTRIBUTE  :   DATA  NOSHR

VECT                              H'00000000    -    H'000000FF   H'00000100
                                                              vector                             vector                          

* TOTAL ADDRESS *                 H'00000000    -    H'000000FF   H'00000100


ATTRIBUTE  :   CODE  NOSHR

P                                 H'00000100    -    H'000001B3   H'000000B4
                                                              crt0                               crt0                            
                                  H'000001B4    -    H'000003EF   H'0000023C
                                                              sample                             sample                          
                                  H'000003F0    -    H'00000E01   H'00000A12
                                                              MinSys3069                         MinSys3069                      
                                  H'00000E02    -    H'00000E8F   H'0000008E
                                                              kernel_cfg                         kernel_cfg                      
                                  H'00000E90    -    H'00000ECB   H'0000003C
                                                              divul3                             divul3                          
                                  H'00000ECC    -    H'00000EEB   H'00000020
                                                              mull3                              mull3                           
                                  H'00000EEC    -    H'00000F13   H'00000028
                                                              mvn3                               mvn3                            
                                  H'00000F14    -    H'00000F3B   H'00000028
                                                              spregsv3                           spregsv3                        
                                  H'00000F3C    -    H'00000F51   H'00000016
                                                              sprgld23                           sprgld23                        
                                  H'00000F52    -    H'00000FCB   H'0000007A
                                                              acre_flg                           acre_flg                        
                                  H'00000FCC    -    H'0000103D   H'00000072
                                                              acre_tsk                           acre_tsk                        
                                  H'0000103E    -    H'0000114F   H'00000112
                                                              act_tsk                            act_tsk                         
                                  H'00001150    -    H'00001229   H'000000DA
                                                              chg_pri                            chg_pri                         
                                  H'0000122A    -    H'00001295   H'0000006C
                                                              clr_flg                            clr_flg                         
                                  H'00001296    -    H'00001311   H'0000007C
                                                              dly_tsk                            dly_tsk                         
                                  H'00001312    -    H'0000134B   H'0000003A
                                                              get_tim                            get_tim                         
                                  H'0000134C    -    H'00001369   H'0000001E
                                                              ini_mem                            ini_mem                         
                                  H'0000136A    -    H'000013F7   H'0000008E
                                                              ini_tsk                            ini_tsk                         
                                  H'000013F8    -    H'000014D3   H'000000DC
                                                              isig_tim                           isig_tim                        



                                  H SERIES LINKAGE EDITOR Ver. 5.3B                      PAGE :     2

                                        ***     LINKAGE EDITOR LINK MAP LIST      ***


SECTION   NAME                       START      -      END         LENGTH
                                                              UNIT NAME                          MODULE NAME


ATTRIBUTE  :   CODE  NOSHR

P                                 H'000014D4    -    H'0000186F   H'0000039C
                                                              pacint                             pacint                          
                                  H'00001870    -    H'00001965   H'000000F6
                                                              set_flg                            set_flg                         
                                  H'00001966    -    H'00001993   H'0000002E
                                                              sta_hos                            sta_hos                         
                                  H'00001994    -    H'00001ABF   H'0000012C
                                                              wai_flg                            wai_flg                         
                                  H'00001AC0    -    H'00001B03   H'00000044
                                                              chk_flg                            chk_flg                         
                                  H'00001B04    -    H'00001B73   H'00000070
                                                              cre_hep                            cre_hep                         
                                  H'00001B74    -    H'00001C0B   H'00000098
                                                              exe_int                            exe_int                         
                                  H'00001C0C    -    H'00001CB3   H'000000A8
                                                              ext_tsk                            ext_tsk                         
                                  H'00001CB4    -    H'00001CC5   H'00000012
                                                              ini_tim                            ini_tim                         
                                  H'00001CC6    -    H'00001D2D   H'00000068
                                                              kcre_flg                           kcre_flg                        
                                  H'00001D2E    -    H'00001E45   H'00000118
                                                              kcre_tsk                           kcre_tsk                        
                                  H'00001E46    -    H'00001E69   H'00000024
                                                              madd_que                           madd_que                        
                                  H'00001E6A    -    H'00001F39   H'000000D0
                                                              madd_tmo                           madd_tmo                        
                                  H'00001F3A    -    H'00001F6B   H'00000032
                                                              mchg_pri                           mchg_pri                        
                                  H'00001F6C    -    H'00001FE5   H'0000007A
                                                              mexe_dsp                           mexe_dsp                        
                                  H'00001FE6    -    H'00002027   H'00000042
                                                              mexe_tex                           mexe_tex                        
                                  H'00002028    -    H'00002069   H'00000042
                                                              mext_stu                           mext_stu                        
                                  H'0000206A    -    H'000020A5   H'0000003C
                                                              mini_sys                           mini_sys                        
                                  H'000020A6    -    H'000020F5   H'00000050
                                                              mrmv_que                           mrmv_que                        
                                  H'000020F6    -    H'00002185   H'00000090
                                                              mrmv_tmo                           mrmv_tmo                        
                                  H'00002186    -    H'00002191   H'0000000C
                                                              msta_stu                           msta_stu                        
                                  H'00002192    -    H'000021FF   H'0000006E
                                                              msta_tsk                           msta_tsk                        
                                  H'00002200    -    H'000022B5   H'000000B6
                                                              mtic_tmo                           mtic_tmo                        



                                  H SERIES LINKAGE EDITOR Ver. 5.3B                      PAGE :     3

                                        ***     LINKAGE EDITOR LINK MAP LIST      ***


SECTION   NAME                       START      -      END         LENGTH
                                                              UNIT NAME                          MODULE NAME


ATTRIBUTE  :   CODE  NOSHR

P                                 H'000022B6    -    H'000022CF   H'0000001A
                                                              mwai_tsk                           mwai_tsk                        
                                  H'000022D0    -    H'00002319   H'0000004A
                                                              mwup_tsk                           mwup_tsk                        
                                  H'0000231A    -    H'00002395   H'0000007C
                                                              pacctx                             pacctx                          
                                  H'00002396    -    H'00002397   H'00000002
                                                              pacini                             pacini                          
                                  H'00002398    -    H'000023C3   H'0000002C
                                                              memset                             memset                          
                                  H'000023C4    -    H'000023DB   H'00000018
                                                              alc_mem                            alc_mem                         
                                  H'000023DC    -    H'00002445   H'0000006A
                                                              ktex_ent                           ktex_ent                        
                                  H'00002446    -    H'00002491   H'0000004C
                                                              madf_que                           madf_que                        
                                  H'00002492    -    H'00002507   H'00000076
                                                              madp_que                           madp_que                        
                                  H'00002508    -    H'00002525   H'0000001E
                                                              mdly_dsp                           mdly_dsp                        
                                  H'00002526    -    H'00002585   H'00000060
                                                              mexe_sys                           mexe_sys                        
                                  H'00002586    -    H'00002595   H'00000010
                                                              midl_lop                           midl_lop                        
                                  H'00002596    -    H'000025CB   H'00000036
                                                              msrh_top                           msrh_top                        
                                  H'000025CC    -    H'000025F5   H'0000002A
                                                              mter_tsk                           mter_tsk                        
                                  H'000025F6    -    H'000026A7   H'000000B2
                                                              alc_hep                            alc_hep                         

* TOTAL ADDRESS *                 H'00000100    -    H'000026A7   H'000025A8


ATTRIBUTE  :   DATA  NOSHR

C                                 H'000026A8    -    H'000026AB   H'00000004
                                                              crt0                               crt0                            
                                  H'000026AC    -    H'00002826   H'0000017B
                                                              sample                             sample                          
                                  H'00002828    -    H'0000285A   H'00000033
                                                              MinSys3069                         MinSys3069                      
                                  H'0000285C    -    H'000028A3   H'00000048
                                                              kernel_cfg                         kernel_cfg                      

* TOTAL ADDRESS *                 H'000026A8    -    H'000028A3   H'000001FC



                                  H SERIES LINKAGE EDITOR Ver. 5.3B                      PAGE :     4

                                        ***     LINKAGE EDITOR LINK MAP LIST      ***


SECTION   NAME                       START      -      END         LENGTH
                                                              UNIT NAME                          MODULE NAME


ATTRIBUTE  :   DATA  NOSHR ROM

D                                 H'000028A4    -    H'000028A4   H'00000000
                                                              crt0                               crt0                            
                                  H'000028A4    -    H'000028D3   H'00000030
                                                              kernel_cfg                         kernel_cfg                      
                                  H'000028D4    -    H'000028D4   H'00000000
                                                              pacint                             pacint                          
                                  H'000028D4    -    H'000028D7   H'00000004
                                                              ini_tim                            ini_tim                         
                                  H'000028D8    -    H'000028DB   H'00000004
                                                              mini_sys                           mini_sys                        
                                  H'000028DC    -    H'000028DD   H'00000002
                                                              pacini                             pacini                          
                                  H'000028DE    -    H'000028DF   H'00000002
                                                              ram_int                            ram_int                         

* TOTAL ADDRESS *                 H'000028A4    -    H'000028DF   H'0000003C


ATTRIBUTE  :   DATA  NOSHR RAM

X                                 H'00400000    -    H'00400000   H'00000000
                                                              crt0                               crt0                            
                                  H'00400000    -    H'0040002F   H'00000030
                                                              kernel_cfg                         kernel_cfg                      
                                  H'00400030    -    H'00400030   H'00000000
                                                              pacint                             pacint                          
                                  H'00400030    -    H'00400033   H'00000004
                                                              ini_tim                            ini_tim                         
                                  H'00400034    -    H'00400037   H'00000004
                                                              mini_sys                           mini_sys                        
                                  H'00400038    -    H'00400039   H'00000002
                                                              pacini                             pacini                          
                                  H'0040003A    -    H'0040003B   H'00000002
                                                              ram_int                            ram_int                         

* TOTAL ADDRESS *                 H'00400000    -    H'0040003B   H'0000003C


ATTRIBUTE  :   DATA  NOSHR

B                                 H'0040003C    -    H'0040003C   H'00000000
                                                              crt0                               crt0                            
                                  H'0040003C    -    H'00400041   H'00000006
                                                              sample                             sample                          
                                  H'00400042    -    H'00400065   H'00000024
                                                              MinSys3069                         MinSys3069                      



                                  H SERIES LINKAGE EDITOR Ver. 5.3B                      PAGE :     5

                                        ***     LINKAGE EDITOR LINK MAP LIST      ***


SECTION   NAME                       START      -      END         LENGTH
                                                              UNIT NAME                          MODULE NAME


ATTRIBUTE  :   DATA  NOSHR

B                                 H'00400066    -    H'004089C7   H'00008962
                                                              kernel_cfg                         kernel_cfg                      
                                  H'004089C8    -    H'004089CF   H'00000008
                                                              ini_mem                            ini_mem                         
                                  H'004089D0    -    H'004089D7   H'00000008
                                                              isig_tim                           isig_tim                        
                                  H'004089D8    -    H'004089DD   H'00000006
                                                              ini_tim                            ini_tim                         
                                  H'004089DE    -    H'004089E3   H'00000006
                                                              mini_sys                           mini_sys                        
                                  H'004089E4    -    H'004089E7   H'00000004
                                                              mtic_tmo                           mtic_tmo                        
                                  H'004089E8    -    H'004089EB   H'00000004
                                                              ram_int                            ram_int                         
                                  H'004089EC    -    H'004089EF   H'00000004
                                                              mexe_sys                           mexe_sys                        

* TOTAL ADDRESS *                 H'0040003C    -    H'004089EF   H'000089B4



                                  H SERIES LINKAGE EDITOR Ver. 5.3B                      PAGE :     1

                                      ***  LINKAGE EDITOR EXTERNALLY DEFINED SYMBOLS LIST  ***

                                 SYMBOL  NAME                         ADDR                 TYPE

                                  $DIVUL$3                             H'00000E90           DAT
                                  $MULL$3                              H'00000ECC           DAT
                                  $MVN$3                               H'00000EEC           DAT
                                  $sp_regsv$3                          H'00000F14           DAT
                                  $spregld2$3                          H'00000F3C           DAT
                                  _LCD_printf                          H'00000CA6           ENT
                                  _LCDclrscr                           H'000007A4           ENT
                                  _LCDgotoxy                           H'00000788           ENT
                                  _LCDputchar                          H'000006EA           ENT
                                  _LCDputs                             H'0000070C           ENT
                                  _OnHosStart                          H'000001CA           ENT
                                  _SCI1_ERI_handler                    H'0000045C           ENT
                                  _SCI1_RXI_handler                    H'00000420           ENT
                                  _SCI1_printf                         H'00000C5A           ENT
                                  _SystemTimerHandler                  H'00000DF6           ENT
                                  _acre_flg                            H'00000F52           ENT
                                  _acre_tsk                            H'00000FCC           ENT
                                  _act_tsk                             H'0000103E           ENT
                                  _check4BitSW                         H'00000D88           ENT
                                  _checkPushSW                         H'00000D5C           ENT
                                  _chg_pri                             H'00001150           ENT
                                  _chkgetCharSCI1                      H'000004C8           ENT
                                  _clr_flg                             H'0000122A           ENT
                                  _dly_tsk                             H'00001296           ENT
                                  _ext_tsk                             H'00001C0C           ENT
                                  _flgID                               H'00400040           DAT
                                  _get4BitSW                           H'00000D82           ENT
                                  _getCharSCI1                         H'0000046A           ENT
                                  _getIntSCI1                          H'00000564           ENT
                                  _getPushSW                           H'00000D4E           ENT
                                  _getStringSCI1                       H'0000051C           ENT
                                  _get_tim                             H'00001312           ENT
                                  _hos_vector001                       H'000014D4           DAT
                                  _hos_vector002                       H'000014E0           DAT
                                  _hos_vector003                       H'000014EC           DAT
                                  _hos_vector004                       H'000014F8           DAT
                                  _hos_vector005                       H'00001504           DAT
                                  _hos_vector006                       H'00001510           DAT
                                  _hos_vector007                       H'0000151C           DAT
                                  _hos_vector008                       H'00001528           DAT
                                  _hos_vector009                       H'00001534           DAT
                                  _hos_vector010                       H'00001540           DAT
                                  _hos_vector011                       H'0000154C           DAT
                                  _hos_vector012                       H'0000155A           DAT
                                  _hos_vector013                       H'00001566           DAT
                                  _hos_vector014                       H'00001572           DAT
                                  _hos_vector015                       H'0000157E           DAT
                                  _hos_vector016                       H'0000158A           DAT
                                  _hos_vector017                       H'00001596           DAT
                                  _hos_vector018                       H'000015A2           DAT
                                  _hos_vector019                       H'000015AE           DAT



                                  H SERIES LINKAGE EDITOR Ver. 5.3B                      PAGE :     2

                                      ***  LINKAGE EDITOR EXTERNALLY DEFINED SYMBOLS LIST  ***

                                 SYMBOL  NAME                         ADDR                 TYPE

                                  _hos_vector020                       H'000015BA           DAT
                                  _hos_vector021                       H'000015C6           DAT
                                  _hos_vector022                       H'000015D2           DAT
                                  _hos_vector023                       H'000015DE           DAT
                                  _hos_vector024                       H'000015EA           DAT
                                  _hos_vector025                       H'000015F6           DAT
                                  _hos_vector026                       H'00001602           DAT
                                  _hos_vector027                       H'0000160E           DAT
                                  _hos_vector028                       H'0000161A           DAT
                                  _hos_vector029                       H'00001626           DAT
                                  _hos_vector030                       H'00001632           DAT
                                  _hos_vector031                       H'0000163E           DAT
                                  _hos_vector032                       H'0000164A           DAT
                                  _hos_vector033                       H'00001658           DAT
                                  _hos_vector034                       H'00001664           DAT
                                  _hos_vector035                       H'00001670           DAT
                                  _hos_vector036                       H'0000167C           DAT
                                  _hos_vector037                       H'00001688           DAT
                                  _hos_vector038                       H'00001694           DAT
                                  _hos_vector039                       H'000016A0           DAT
                                  _hos_vector040                       H'000016AC           DAT
                                  _hos_vector041                       H'000016B8           DAT
                                  _hos_vector042                       H'000016C4           DAT
                                  _hos_vector043                       H'000016D0           DAT
                                  _hos_vector044                       H'000016DC           DAT
                                  _hos_vector045                       H'000016E8           DAT
                                  _hos_vector046                       H'000016F4           DAT
                                  _hos_vector047                       H'00001700           DAT
                                  _hos_vector048                       H'0000170C           DAT
                                  _hos_vector049                       H'00001718           DAT
                                  _hos_vector050                       H'00001724           DAT
                                  _hos_vector051                       H'00001730           DAT
                                  _hos_vector052                       H'0000173C           DAT
                                  _hos_vector053                       H'0000174A           DAT
                                  _hos_vector054                       H'00001756           DAT
                                  _hos_vector055                       H'00001762           DAT
                                  _hos_vector056                       H'0000176E           DAT
                                  _hos_vector057                       H'0000177A           DAT
                                  _hos_vector058                       H'00001786           DAT
                                  _hos_vector059                       H'00001792           DAT
                                  _hos_vector060                       H'0000179E           DAT
                                  _hos_vector061                       H'000017AA           DAT
                                  _hos_vector062                       H'000017B6           DAT
                                  _hos_vector063                       H'000017C2           DAT
                                  _hospac_cre_ctx_asm                  H'0000232C           DAT
                                  _hospac_dis_int                      H'0000231A           DAT
                                  _hospac_ena_int                      H'0000231E           DAT
                                  _hospac_ini_sys                      H'00002396           ENT
                                  _hospac_swi_ctx                      H'00002360           DAT
                                  _idletask                            H'00000E00           ENT
                                  _initLCD                             H'00000722           ENT



                                  H SERIES LINKAGE EDITOR Ver. 5.3B                      PAGE :     3

                                      ***  LINKAGE EDITOR EXTERNALLY DEFINED SYMBOLS LIST  ***

                                 SYMBOL  NAME                         ADDR                 TYPE

                                  _initSCI1                            H'000003F0           ENT
                                  _initSystemTimer                     H'00000DEA           ENT
                                  _isig_tim                            H'000013F8           ENT
                                  _kernel_alc_hep                      H'000025F6           ENT
                                  _kernel_alc_mem                      H'000023C4           ENT
                                  _kernel_almcb_cnt                    H'00002898           DAT
                                  _kernel_cfg_init                     H'00000E02           ENT
                                  _kernel_cfg_start                    H'00000E68           ENT
                                  _kernel_chk_flg                      H'00001AC0           ENT
                                  _kernel_cre_flg                      H'00001CC6           ENT
                                  _kernel_cre_hep                      H'00001B04           ENT
                                  _kernel_cre_tsk                      H'00001D2E           ENT
                                  _kernel_cyccb_cnt                    H'00002896           DAT
                                  _kernel_dtqcb_cnt                    H'0000288C           DAT
                                  _kernel_end_int                      H'00001B84           ENT
                                  _kernel_exccb_cnt                    H'000028A0           DAT
                                  _kernel_exccb_tbl                    H'0040088E           DAT
                                  _kernel_exe_int                      H'00001B96           ENT
                                  _kernel_flgcb_cnt                    H'0000288A           DAT
                                  _kernel_flgcb_ram_tbl                H'00400020           DAT
                                  _kernel_h83_ibmsk                    H'00400039           DAT
                                  _kernel_h83_imsk                     H'00400038           DAT
                                  _kernel_heap_mem                     H'00400912           DAT
                                  _kernel_ini_mem                      H'0000134C           ENT
                                  _kernel_ini_tim                      H'00001CB4           ENT
                                  _kernel_ini_tsk                      H'0000136A           ENT
                                  _kernel_int_cnt                      H'0040003A           DAT
                                  _kernel_int_sp                       H'000026A8           DAT
                                  _kernel_int_ssp                      H'004089E8           DAT
                                  _kernel_intcb_cnt                    H'0000289A           DAT
                                  _kernel_intcb_tbl                    H'00400086           DAT
                                  _kernel_isrcb_cnt                    H'0000289E           DAT
                                  _kernel_mbfcb_cnt                    H'00002890           DAT
                                  _kernel_mbxcb_cnt                    H'0000288E           DAT
                                  _kernel_mem_hep                      H'004089C8           DAT
                                  _kernel_min_excno                    H'000028A2           DAT
                                  _kernel_min_intno                    H'0000289C           DAT
                                  _kernel_mpfcb_cnt                    H'00002892           DAT
                                  _kernel_mplcb_cnt                    H'00002894           DAT
                                  _kernel_semcb_cnt                    H'00002888           DAT
                                  _kernel_sta_int                      H'00001B74           ENT
                                  _kernel_systim                       H'004089D8           DAT
                                  _kernel_task_entry                   H'000013B2           ENT
                                  _kernel_tcb_cnt                      H'00002886           DAT
                                  _kernel_tcb_ram                      H'00408992           DAT
                                  _kernel_tcb_ram_tbl                  H'00400000           DAT
                                  _kernel_tcb_rom                      H'00002872           DAT
                                  _kernel_tex_entry                    H'000023DC           ENT
                                  _kernel_tic_cnt                      H'00400030           DAT
                                  _kernel_tic_deno                     H'00002866           DAT
                                  _kernel_tic_div                      H'0000286A           DAT



                                  H SERIES LINKAGE EDITOR Ver. 5.3B                      PAGE :     4

                                      ***  LINKAGE EDITOR EXTERNALLY DEFINED SYMBOLS LIST  ***

                                 SYMBOL  NAME                         ADDR                 TYPE

                                  _kernel_tic_mod                      H'0000286E           DAT
                                  _kernel_tml_head                     H'004089D0           DAT
                                  _kernel_tml_ptr                      H'004089D4           DAT
                                  _memset                              H'00002398           ENT
                                  _mknl_add_que                        H'00001E46           ENT
                                  _mknl_add_tmout                      H'00001E6A           ENT
                                  _mknl_adf_que                        H'00002446           ENT
                                  _mknl_adp_que                        H'00002492           ENT
                                  _mknl_chg_pri                        H'00001F3A           ENT
                                  _mknl_ctx_stat                       H'004089DE           DAT
                                  _mknl_dly_dsp                        H'00002508           ENT
                                  _mknl_exe_dsp                        H'00001F6C           ENT
                                  _mknl_exe_sys                        H'00002526           ENT
                                  _mknl_exe_tex                        H'00001FE6           ENT
                                  _mknl_ext_startup                    H'00002028           ENT
                                  _mknl_idl_loop                       H'00002586           ENT
                                  _mknl_idl_stk                        H'0000285C           DAT
                                  _mknl_idl_stkblk                     H'00400892           DAT
                                  _mknl_idl_stksz                      H'00002860           DAT
                                  _mknl_idlctx                         H'004089E0           DAT
                                  _mknl_ini_sys                        H'0000206A           ENT
                                  _mknl_rdq_cnt                        H'00002864           DAT
                                  _mknl_rdq_tbl                        H'00400066           DAT
                                  _mknl_rmv_que                        H'000020A6           ENT
                                  _mknl_rmv_tmout                      H'000020F6           ENT
                                  _mknl_run_mtcb                       H'00400034           DAT
                                  _mknl_srh_top                        H'00002596           ENT
                                  _mknl_sta_startup                    H'00002186           ENT
                                  _mknl_sta_tsk                        H'00002192           ENT
                                  _mknl_ter_tsk                        H'000025CC           ENT
                                  _mknl_tic_tmout                      H'00002200           ENT
                                  _mknl_timout_head                    H'004089E4           DAT
                                  _mknl_wai_tsk                        H'000022B6           ENT
                                  _mknl_wup_tsk                        H'000022D0           ENT
                                  _preStartHos                         H'000001B4           ENT
                                  _primeNumber                         H'0000031E           ENT
                                  _printLine                           H'000003B2           ENT
                                  _printTime                           H'000002B2           ENT
                                  _putBYTESCI1                         H'00000646           ENT
                                  _putCharSCI1                         H'00000656           ENT
                                  _putStringSCI1                       H'00000672           ENT
                                  _set_flg                             H'00001870           ENT
                                  _sta_hos                             H'00001966           ENT
                                  _startup                             H'00000100           DAT
                                  _tskID1                              H'0040003C           DAT
                                  _tskID2                              H'0040003E           DAT
                                  _turnOffLed                          H'00000D20           ENT
                                  _turnOnLed                           H'00000CF2           ENT
                                  _wai_flg                             H'00001994           ENT



                                  H SERIES LINKAGE EDITOR Ver. 5.3B                      PAGE :     1

                                      ***  LINKAGE EDITOR DEFINE LIST  ***

                                 UNDEFINE SYMBOL                    DEFINED SYMBOL                     DEFINED VALUE

                                  STACK                                                                 H'00FFFF20
