                                        H SERIES LINKAGE EDITOR Ver. 5.3B


LINK COMMAND LINE


LNK start01.OBJ ex2.OBJ -subcommand=ex4.sub -LIB=C:\Progra~1\h8v2\lib\c38ha.lib -O=ex2 -P=ex2 



LINK SUBCOMMANDS


ROM (D,X)
START P,C,D(100),X,B(0FEF10)
EXIT



                                  H SERIES LINKAGE EDITOR Ver. 5.3B                      PAGE :     1

                                        ***     LINKAGE EDITOR LINK MAP LIST      ***


SECTION   NAME                       START      -      END         LENGTH
                                                              UNIT NAME                          MODULE NAME


ATTRIBUTE  :   DATA  NOSHR

A                                 H'00000000    -    H'00000003   H'00000004
                                                              start01                            start01                         

* TOTAL ADDRESS *                 H'00000000    -    H'00000003   H'00000004


ATTRIBUTE  :   CODE  NOSHR

P                                 H'00000100    -    H'00000135   H'00000036
                                                              start01                            start01                         
                                  H'00000136    -    H'00000D57   H'00000C22
                                                              ex2                                ex2                             
                                  H'00000D58    -    H'00000D93   H'0000003C
                                                              divul3                             divul3                          
                                  H'00000D94    -    H'00000DB3   H'00000020
                                                              mull3                              mull3                           
                                  H'00000DB4    -    H'00000DDB   H'00000028
                                                              spregsv3                           spregsv3                        
                                  H'00000DDC    -    H'00000DF1   H'00000016
                                                              sprgld23                           sprgld23                        

* TOTAL ADDRESS *                 H'00000100    -    H'00000DF1   H'00000CF2


ATTRIBUTE  :   DATA  NOSHR

C                                 H'00000DF2    -    H'00000DFD   H'0000000C
                                                              start01                            start01                         
                                  H'00000DFE    -    H'00000E47   H'0000004A
                                                              ex2                                ex2                             

* TOTAL ADDRESS *                 H'00000DF2    -    H'00000E47   H'00000056


ATTRIBUTE  :   DATA  NOSHR ROM

D                                 H'00000E48    -    H'00000E48   H'00000000
                                                              start01                            start01                         
                                  H'00000E48    -    H'00000E49   H'00000002
                                                              ex2                                ex2                             

* TOTAL ADDRESS *                 H'00000E48    -    H'00000E49   H'00000002



                                  H SERIES LINKAGE EDITOR Ver. 5.3B                      PAGE :     2

                                        ***     LINKAGE EDITOR LINK MAP LIST      ***


SECTION   NAME                       START      -      END         LENGTH
                                                              UNIT NAME                          MODULE NAME


ATTRIBUTE  :   DATA  NOSHR RAM

X                                 H'000FEF10    -    H'000FEF10   H'00000000
                                                              start01                            start01                         
                                  H'000FEF10    -    H'000FEF11   H'00000002
                                                              ex2                                ex2                             

* TOTAL ADDRESS *                 H'000FEF10    -    H'000FEF11   H'00000002


ATTRIBUTE  :   DATA  NOSHR

B                                 H'000FEF12    -    H'000FEF17   H'00000006
                                                              ex2                                ex2                             

* TOTAL ADDRESS *                 H'000FEF12    -    H'000FEF17   H'00000006



                                  H SERIES LINKAGE EDITOR Ver. 5.3B                      PAGE :     1

                                      ***  LINKAGE EDITOR EXTERNALLY DEFINED SYMBOLS LIST  ***

                                 SYMBOL  NAME                         ADDR                 TYPE

                                  $DIVUL$3                             H'00000D58           DAT
                                  $MULL$3                              H'00000D94           DAT
                                  $sp_regsv$3                          H'00000DB4           DAT
                                  $spregld2$3                          H'00000DDC           DAT
                                  _Device_printf                       H'000005C0           DAT
                                  _LCD_clrscr                          H'00000576           DAT
                                  _LCD_gotoxy                          H'0000055A           DAT
                                  _LCD_printf                          H'00000B48           DAT
                                  _LCD_putchar                         H'000004B8           DAT
                                  _LCD_puts                            H'000004DA           DAT
                                  _LCDdevice                           H'00000E02           DAT
                                  _SCI0_chkgetChar                     H'00000280           DAT
                                  _SCI0_getChar                        H'0000024E           DAT
                                  _SCI0_getInt4                        H'000003FA           DAT
                                  _SCI0_getString                      H'000002B8           DAT
                                  _SCI0_printf                         H'00000AB0           DAT
                                  _SCI0_putChar                        H'00000424           DAT
                                  _SCI0_putString                      H'00000440           DAT
                                  _SCI0device                          H'00000DFE           DAT
                                  _SCI1_chkgetChar                     H'00000182           DAT
                                  _SCI1_getChar                        H'00000150           DAT
                                  _SCI1_getInt4                        H'000003CE           DAT
                                  _SCI1_getString                      H'000001BA           DAT
                                  _SCI1_printf                         H'00000AFC           DAT
                                  _SCI1_putChar                        H'00000200           DAT
                                  _SCI1_putString                      H'0000021C           DAT
                                  _SCI1device                          H'00000E00           DAT
                                  _STRdevice                           H'00000E04           DAT
                                  _atoi                                H'000002FE           DAT
                                  _check8BitSW                         H'00000C62           DAT
                                  _checkPushSW                         H'00000C32           DAT
                                  _count1                              H'000FEF10           DAT
                                  _count2                              H'000FEF16           DAT
                                  _hexstring                           H'00000E06           DAT
                                  _init8BitSW                          H'00000C58           DAT
                                  _initLCD                             H'000004F0           DAT
                                  _initLed                             H'00000BEA           DAT
                                  _initPushSW                          H'00000C28           DAT
                                  _initSCI0                            H'00000234           DAT
                                  _initSCI1                            H'00000136           DAT
                                  _initTimer1Int                       H'00000C88           DAT
                                  _main                                H'00000CDE           DAT
                                  _msecwait                            H'00000CCA           DAT
                                  _sprintf                             H'00000B94           DAT
                                  _turnOffLed                          H'00000C0C           DAT
                                  _turnOnLed                           H'00000BF0           DAT
