                                        H SERIES LINKAGE EDITOR Ver. 5.3B


LINK COMMAND LINE


LNK /SUB=link.sub 



LINK SUBCOMMANDS


INPUT   crt0,vector,sample,MinSys3069,kernel_cfg
LIBRARY \Progra~1\h8v2\lib\c38ha
LIBRARY \hos_v4\lib\h83\akih8\h4h83aki
DEFINE  STACK(0FFFF20)
PRINT   sample.map
OUTPUT  sample.abs
ROM     (D,X)
START VECT(0),P,C,D(100),X,B(0400000)
EXIT



                                  H SERIES LINKAGE EDITOR Ver. 5.3B                      PAGE :     1

                                        ***     LINKAGE EDITOR LINK MAP LIST      ***


SECTION   NAME                       START      -      END         LENGTH
                                                              UNIT NAME                          MODULE NAME


ATTRIBUTE  :   DATA  NOSHR

VECT                              H'00000000    -    H'000000FF   H'00000100
                                                              vector                             vector                          

* TOTAL ADDRESS *                 H'00000000    -    H'000000FF   H'00000100


ATTRIBUTE  :   CODE  NOSHR

P                                 H'00000100    -    H'000001B3   H'000000B4
                                                              crt0                               crt0                            
                                  H'000001B4    -    H'000004D1   H'0000031E
                                                              sample                             sample                          
                                  H'000004D2    -    H'00000EE3   H'00000A12
                                                              MinSys3069                         MinSys3069                      
                                  H'00000EE4    -    H'00000F9F   H'000000BC
                                                              kernel_cfg                         kernel_cfg                      
                                  H'00000FA0    -    H'00000FDB   H'0000003C
                                                              divul3                             divul3                          
                                  H'00000FDC    -    H'00000FFB   H'00000020
                                                              mull3                              mull3                           
                                  H'00000FFC    -    H'00001023   H'00000028
                                                              mvn3                               mvn3                            
                                  H'00001024    -    H'0000104B   H'00000028
                                                              spregsv3                           spregsv3                        
                                  H'0000104C    -    H'00001061   H'00000016
                                                              sprgld23                           sprgld23                        
                                  H'00001062    -    H'000010D3   H'00000072
                                                              acre_cyc                           acre_cyc                        
                                  H'000010D4    -    H'0000114D   H'0000007A
                                                              acre_flg                           acre_flg                        
                                  H'0000114E    -    H'000011BF   H'00000072
                                                              acre_tsk                           acre_tsk                        
                                  H'000011C0    -    H'000012D1   H'00000112
                                                              act_tsk                            act_tsk                         
                                  H'000012D2    -    H'0000133D   H'0000006C
                                                              clr_flg                            clr_flg                         
                                  H'0000133E    -    H'000013E5   H'000000A8
                                                              ext_tsk                            ext_tsk                         
                                  H'000013E6    -    H'00001403   H'0000001E
                                                              ini_mem                            ini_mem                         
                                  H'00001404    -    H'00001443   H'00000040
                                                              ini_sem                            ini_sem                         
                                  H'00001444    -    H'000014D1   H'0000008E
                                                              ini_tsk                            ini_tsk                         
                                  H'000014D2    -    H'000015AD   H'000000DC
                                                              isig_tim                           isig_tim                        



                                  H SERIES LINKAGE EDITOR Ver. 5.3B                      PAGE :     2

                                        ***     LINKAGE EDITOR LINK MAP LIST      ***


SECTION   NAME                       START      -      END         LENGTH
                                                              UNIT NAME                          MODULE NAME


ATTRIBUTE  :   CODE  NOSHR

P                                 H'000015AE    -    H'00001949   H'0000039C
                                                              pacint                             pacint                          
                                  H'0000194A    -    H'000019E1   H'00000098
                                                              ref_flg                            ref_flg                         
                                  H'000019E2    -    H'00001AD7   H'000000F6
                                                              set_flg                            set_flg                         
                                  H'00001AD8    -    H'00001B5F   H'00000088
                                                              slp_tsk                            slp_tsk                         
                                  H'00001B60    -    H'00001BD7   H'00000078
                                                              sta_cyc                            sta_cyc                         
                                  H'00001BD8    -    H'00001C05   H'0000002E
                                                              sta_hos                            sta_hos                         
                                  H'00001C06    -    H'00001CCD   H'000000C8
                                                              sta_tsk                            sta_tsk                         
                                  H'00001CCE    -    H'00001DD1   H'00000104
                                                              wup_tsk                            wup_tsk                         
                                  H'00001DD2    -    H'00001E23   H'00000052
                                                              add_tml                            add_tml                         
                                  H'00001E24    -    H'00001E67   H'00000044
                                                              chk_flg                            chk_flg                         
                                  H'00001E68    -    H'00001ED7   H'00000070
                                                              cre_hep                            cre_hep                         
                                  H'00001ED8    -    H'00001F6F   H'00000098
                                                              exe_int                            exe_int                         
                                  H'00001F70    -    H'00001F81   H'00000012
                                                              ini_tim                            ini_tim                         
                                  H'00001F82    -    H'00002015   H'00000094
                                                              kcre_cyc                           kcre_cyc                        
                                  H'00002016    -    H'0000207D   H'00000068
                                                              kcre_flg                           kcre_flg                        
                                  H'0000207E    -    H'00002195   H'00000118
                                                              kcre_tsk                           kcre_tsk                        
                                  H'00002196    -    H'000021C9   H'00000034
                                                              kget_tid                           kget_tid                        
                                  H'000021CA    -    H'00002243   H'0000007A
                                                              mexe_dsp                           mexe_dsp                        
                                  H'00002244    -    H'000022A3   H'00000060
                                                              mexe_sys                           mexe_sys                        
                                  H'000022A4    -    H'000022E5   H'00000042
                                                              mexe_tex                           mexe_tex                        
                                  H'000022E6    -    H'00002327   H'00000042
                                                              mext_stu                           mext_stu                        
                                  H'00002328    -    H'00002363   H'0000003C
                                                              mini_sys                           mini_sys                        
                                  H'00002364    -    H'000023B3   H'00000050
                                                              mrmv_que                           mrmv_que                        



                                  H SERIES LINKAGE EDITOR Ver. 5.3B                      PAGE :     3

                                        ***     LINKAGE EDITOR LINK MAP LIST      ***


SECTION   NAME                       START      -      END         LENGTH
                                                              UNIT NAME                          MODULE NAME


ATTRIBUTE  :   CODE  NOSHR

P                                 H'000023B4    -    H'00002443   H'00000090
                                                              mrmv_tmo                           mrmv_tmo                        
                                  H'00002444    -    H'0000244F   H'0000000C
                                                              msta_stu                           msta_stu                        
                                  H'00002450    -    H'000024BD   H'0000006E
                                                              msta_tsk                           msta_tsk                        
                                  H'000024BE    -    H'000024E7   H'0000002A
                                                              mter_tsk                           mter_tsk                        
                                  H'000024E8    -    H'0000259D   H'000000B6
                                                              mtic_tmo                           mtic_tmo                        
                                  H'0000259E    -    H'000025B7   H'0000001A
                                                              mwai_tsk                           mwai_tsk                        
                                  H'000025B8    -    H'00002601   H'0000004A
                                                              mwup_tsk                           mwup_tsk                        
                                  H'00002602    -    H'0000267D   H'0000007C
                                                              pacctx                             pacctx                          
                                  H'0000267E    -    H'0000267F   H'00000002
                                                              pacini                             pacini                          
                                  H'00002680    -    H'000026AB   H'0000002C
                                                              memset                             memset                          
                                  H'000026AC    -    H'000026C3   H'00000018
                                                              alc_mem                            alc_mem                         
                                  H'000026C4    -    H'0000272F   H'0000006C
                                                              cyc_hdr                            cyc_hdr                         
                                  H'00002730    -    H'00002799   H'0000006A
                                                              ktex_ent                           ktex_ent                        
                                  H'0000279A    -    H'000027E5   H'0000004C
                                                              madf_que                           madf_que                        
                                  H'000027E6    -    H'00002803   H'0000001E
                                                              mdly_dsp                           mdly_dsp                        
                                  H'00002804    -    H'00002813   H'00000010
                                                              midl_lop                           midl_lop                        
                                  H'00002814    -    H'00002849   H'00000036
                                                              msrh_top                           msrh_top                        
                                  H'0000284A    -    H'000028FB   H'000000B2
                                                              alc_hep                            alc_hep                         

* TOTAL ADDRESS *                 H'00000100    -    H'000028FB   H'000027FC


ATTRIBUTE  :   DATA  NOSHR

C                                 H'000028FC    -    H'000028FF   H'00000004
                                                              crt0                               crt0                            
                                  H'00002900    -    H'00002A1A   H'0000011B
                                                              sample                             sample                          



                                  H SERIES LINKAGE EDITOR Ver. 5.3B                      PAGE :     4

                                        ***     LINKAGE EDITOR LINK MAP LIST      ***


SECTION   NAME                       START      -      END         LENGTH
                                                              UNIT NAME                          MODULE NAME


ATTRIBUTE  :   DATA  NOSHR

C                                 H'00002A1C    -    H'00002A4E   H'00000033
                                                              MinSys3069                         MinSys3069                      
                                  H'00002A50    -    H'00002AC5   H'00000076
                                                              kernel_cfg                         kernel_cfg                      

* TOTAL ADDRESS *                 H'000028FC    -    H'00002AC5   H'000001CA


ATTRIBUTE  :   DATA  NOSHR ROM

D                                 H'00002AC6    -    H'00002AC6   H'00000000
                                                              crt0                               crt0                            
                                  H'00002AC6    -    H'00002AD5   H'00000010
                                                              sample                             sample                          
                                  H'00002AD6    -    H'00002B29   H'00000054
                                                              kernel_cfg                         kernel_cfg                      
                                  H'00002B2A    -    H'00002B2A   H'00000000
                                                              pacint                             pacint                          
                                  H'00002B2A    -    H'00002B2D   H'00000004
                                                              ini_tim                            ini_tim                         
                                  H'00002B2E    -    H'00002B31   H'00000004
                                                              mini_sys                           mini_sys                        
                                  H'00002B32    -    H'00002B33   H'00000002
                                                              pacini                             pacini                          
                                  H'00002B34    -    H'00002B35   H'00000002
                                                              ram_int                            ram_int                         

* TOTAL ADDRESS *                 H'00002AC6    -    H'00002B35   H'00000070


ATTRIBUTE  :   DATA  NOSHR RAM

X                                 H'00400000    -    H'00400000   H'00000000
                                                              crt0                               crt0                            
                                  H'00400000    -    H'0040000F   H'00000010
                                                              sample                             sample                          
                                  H'00400010    -    H'00400063   H'00000054
                                                              kernel_cfg                         kernel_cfg                      
                                  H'00400064    -    H'00400064   H'00000000
                                                              pacint                             pacint                          
                                  H'00400064    -    H'00400067   H'00000004
                                                              ini_tim                            ini_tim                         
                                  H'00400068    -    H'0040006B   H'00000004
                                                              mini_sys                           mini_sys                        
                                  H'0040006C    -    H'0040006D   H'00000002
                                                              pacini                             pacini                          



                                  H SERIES LINKAGE EDITOR Ver. 5.3B                      PAGE :     5

                                        ***     LINKAGE EDITOR LINK MAP LIST      ***


SECTION   NAME                       START      -      END         LENGTH
                                                              UNIT NAME                          MODULE NAME


ATTRIBUTE  :   DATA  NOSHR RAM

X                                 H'0040006E    -    H'0040006F   H'00000002
                                                              ram_int                            ram_int                         

* TOTAL ADDRESS *                 H'00400000    -    H'0040006F   H'00000070


ATTRIBUTE  :   DATA  NOSHR

B                                 H'00400070    -    H'00400070   H'00000000
                                                              crt0                               crt0                            
                                  H'00400070    -    H'00400079   H'0000000A
                                                              sample                             sample                          
                                  H'0040007A    -    H'0040009D   H'00000024
                                                              MinSys3069                         MinSys3069                      
                                  H'0040009E    -    H'00408C75   H'00008BD8
                                                              kernel_cfg                         kernel_cfg                      
                                  H'00408C76    -    H'00408C7D   H'00000008
                                                              ini_mem                            ini_mem                         
                                  H'00408C7E    -    H'00408C85   H'00000008
                                                              isig_tim                           isig_tim                        
                                  H'00408C86    -    H'00408C8B   H'00000006
                                                              ini_tim                            ini_tim                         
                                  H'00408C8C    -    H'00408C8F   H'00000004
                                                              mexe_sys                           mexe_sys                        
                                  H'00408C90    -    H'00408C95   H'00000006
                                                              mini_sys                           mini_sys                        
                                  H'00408C96    -    H'00408C99   H'00000004
                                                              mtic_tmo                           mtic_tmo                        
                                  H'00408C9A    -    H'00408C9D   H'00000004
                                                              ram_int                            ram_int                         

* TOTAL ADDRESS *                 H'00400070    -    H'00408C9D   H'00008C2E



                                  H SERIES LINKAGE EDITOR Ver. 5.3B                      PAGE :     1

                                      ***  LINKAGE EDITOR EXTERNALLY DEFINED SYMBOLS LIST  ***

                                 SYMBOL  NAME                         ADDR                 TYPE

                                  $DIVUL$3                             H'00000FA0           DAT
                                  $MULL$3                              H'00000FDC           DAT
                                  $MVN$3                               H'00000FFC           DAT
                                  $sp_regsv$3                          H'00001024           DAT
                                  $spregld2$3                          H'0000104C           DAT
                                  _CYC_wupCButton                      H'000002E0           ENT
                                  _LCD_printf                          H'00000D88           ENT
                                  _LCDclrscr                           H'00000886           ENT
                                  _LCDgotoxy                           H'0000086A           ENT
                                  _LCDputchar                          H'000007CC           ENT
                                  _LCDputs                             H'000007EE           ENT
                                  _OnHosStart                          H'00000206           ENT
                                  _SCI1_ERI_handler                    H'0000053E           ENT
                                  _SCI1_RXI_handler                    H'00000502           ENT
                                  _SCI1_printf                         H'00000D3C           ENT
                                  _SystemTimerHandler                  H'00000ED8           ENT
                                  _acre_cyc                            H'00001062           ENT
                                  _acre_flg                            H'000010D4           ENT
                                  _acre_tsk                            H'0000114E           ENT
                                  _act_tsk                             H'000011C0           ENT
                                  _buttonHandler                       H'0000043E           ENT
                                  _check4BitSW                         H'00000E6A           ENT
                                  _checkButton                         H'000002EA           ENT
                                  _checkPushSW                         H'00000E3E           ENT
                                  _chkgetCharSCI1                      H'000005AA           ENT
                                  _clr_flg                             H'000012D2           ENT
                                  _cycID                               H'00400072           DAT
                                  _drumRoot                            H'0000032C           ENT
                                  _ext_tsk                             H'0000133E           ENT
                                  _flg_button                          H'00400074           DAT
                                  _flg_drum2                           H'00400076           DAT
                                  _flg_drum3                           H'00400078           DAT
                                  _get4BitSW                           H'00000E64           ENT
                                  _getCharSCI1                         H'0000054C           ENT
                                  _getIntSCI1                          H'00000646           ENT
                                  _getPushSW                           H'00000E30           ENT
                                  _getStringSCI1                       H'000005FE           ENT
                                  _hos_vector001                       H'000015AE           DAT
                                  _hos_vector002                       H'000015BA           DAT
                                  _hos_vector003                       H'000015C6           DAT
                                  _hos_vector004                       H'000015D2           DAT
                                  _hos_vector005                       H'000015DE           DAT
                                  _hos_vector006                       H'000015EA           DAT
                                  _hos_vector007                       H'000015F6           DAT
                                  _hos_vector008                       H'00001602           DAT
                                  _hos_vector009                       H'0000160E           DAT
                                  _hos_vector010                       H'0000161A           DAT
                                  _hos_vector011                       H'00001626           DAT
                                  _hos_vector012                       H'00001634           DAT
                                  _hos_vector013                       H'00001640           DAT
                                  _hos_vector014                       H'0000164C           DAT



                                  H SERIES LINKAGE EDITOR Ver. 5.3B                      PAGE :     2

                                      ***  LINKAGE EDITOR EXTERNALLY DEFINED SYMBOLS LIST  ***

                                 SYMBOL  NAME                         ADDR                 TYPE

                                  _hos_vector015                       H'00001658           DAT
                                  _hos_vector016                       H'00001664           DAT
                                  _hos_vector017                       H'00001670           DAT
                                  _hos_vector018                       H'0000167C           DAT
                                  _hos_vector019                       H'00001688           DAT
                                  _hos_vector020                       H'00001694           DAT
                                  _hos_vector021                       H'000016A0           DAT
                                  _hos_vector022                       H'000016AC           DAT
                                  _hos_vector023                       H'000016B8           DAT
                                  _hos_vector024                       H'000016C4           DAT
                                  _hos_vector025                       H'000016D0           DAT
                                  _hos_vector026                       H'000016DC           DAT
                                  _hos_vector027                       H'000016E8           DAT
                                  _hos_vector028                       H'000016F4           DAT
                                  _hos_vector029                       H'00001700           DAT
                                  _hos_vector030                       H'0000170C           DAT
                                  _hos_vector031                       H'00001718           DAT
                                  _hos_vector032                       H'00001724           DAT
                                  _hos_vector033                       H'00001732           DAT
                                  _hos_vector034                       H'0000173E           DAT
                                  _hos_vector035                       H'0000174A           DAT
                                  _hos_vector036                       H'00001756           DAT
                                  _hos_vector037                       H'00001762           DAT
                                  _hos_vector038                       H'0000176E           DAT
                                  _hos_vector039                       H'0000177A           DAT
                                  _hos_vector040                       H'00001786           DAT
                                  _hos_vector041                       H'00001792           DAT
                                  _hos_vector042                       H'0000179E           DAT
                                  _hos_vector043                       H'000017AA           DAT
                                  _hos_vector044                       H'000017B6           DAT
                                  _hos_vector045                       H'000017C2           DAT
                                  _hos_vector046                       H'000017CE           DAT
                                  _hos_vector047                       H'000017DA           DAT
                                  _hos_vector048                       H'000017E6           DAT
                                  _hos_vector049                       H'000017F2           DAT
                                  _hos_vector050                       H'000017FE           DAT
                                  _hos_vector051                       H'0000180A           DAT
                                  _hos_vector052                       H'00001816           DAT
                                  _hos_vector053                       H'00001824           DAT
                                  _hos_vector054                       H'00001830           DAT
                                  _hos_vector055                       H'0000183C           DAT
                                  _hos_vector056                       H'00001848           DAT
                                  _hos_vector057                       H'00001854           DAT
                                  _hos_vector058                       H'00001860           DAT
                                  _hos_vector059                       H'0000186C           DAT
                                  _hos_vector060                       H'00001878           DAT
                                  _hos_vector061                       H'00001884           DAT
                                  _hos_vector062                       H'00001890           DAT
                                  _hos_vector063                       H'0000189C           DAT
                                  _hospac_cre_ctx_asm                  H'00002614           DAT
                                  _hospac_dis_int                      H'00002602           DAT



                                  H SERIES LINKAGE EDITOR Ver. 5.3B                      PAGE :     3

                                      ***  LINKAGE EDITOR EXTERNALLY DEFINED SYMBOLS LIST  ***

                                 SYMBOL  NAME                         ADDR                 TYPE

                                  _hospac_ena_int                      H'00002606           DAT
                                  _hospac_ini_sys                      H'0000267E           ENT
                                  _hospac_swi_ctx                      H'00002648           DAT
                                  _idletask                            H'00000EE2           ENT
                                  _initLCD                             H'00000804           ENT
                                  _initSCI1                            H'000004D2           ENT
                                  _initSystemTimer                     H'00000ECC           ENT
                                  _isig_tim                            H'000014D2           ENT
                                  _kernel_add_tml                      H'00001DD2           ENT
                                  _kernel_alc_hep                      H'0000284A           ENT
                                  _kernel_alc_mem                      H'000026AC           ENT
                                  _kernel_almcb_cnt                    H'00002ABA           DAT
                                  _kernel_cfg_init                     H'00000EE4           ENT
                                  _kernel_cfg_start                    H'00000F74           ENT
                                  _kernel_chk_flg                      H'00001E24           ENT
                                  _kernel_cre_cyc                      H'00001F82           ENT
                                  _kernel_cre_flg                      H'00002016           ENT
                                  _kernel_cre_hep                      H'00001E68           ENT
                                  _kernel_cre_tsk                      H'0000207E           ENT
                                  _kernel_cyc_hdr                      H'000026C4           ENT
                                  _kernel_cyccb_cnt                    H'00002AB8           DAT
                                  _kernel_cyccb_ram_tbl                H'00400044           DAT
                                  _kernel_dtqcb_cnt                    H'00002AAE           DAT
                                  _kernel_end_int                      H'00001EE8           ENT
                                  _kernel_exccb_cnt                    H'00002AC2           DAT
                                  _kernel_exccb_tbl                    H'004008C6           DAT
                                  _kernel_exe_int                      H'00001EFA           ENT
                                  _kernel_flgcb_cnt                    H'00002AAC           DAT
                                  _kernel_flgcb_ram_tbl                H'00400034           DAT
                                  _kernel_get_tid                      H'00002196           ENT
                                  _kernel_h83_ibmsk                    H'0040006D           DAT
                                  _kernel_h83_imsk                     H'0040006C           DAT
                                  _kernel_heap_mem                     H'0040094A           DAT
                                  _kernel_ini_mem                      H'000013E6           ENT
                                  _kernel_ini_sem                      H'00001404           ENT
                                  _kernel_ini_tim                      H'00001F70           ENT
                                  _kernel_ini_tsk                      H'00001444           ENT
                                  _kernel_int_cnt                      H'0040006E           DAT
                                  _kernel_int_sp                       H'000028FC           DAT
                                  _kernel_int_ssp                      H'00408C9A           DAT
                                  _kernel_intcb_cnt                    H'00002ABC           DAT
                                  _kernel_intcb_tbl                    H'004000BE           DAT
                                  _kernel_isrcb_cnt                    H'00002AC0           DAT
                                  _kernel_mbfcb_cnt                    H'00002AB2           DAT
                                  _kernel_mbxcb_cnt                    H'00002AB0           DAT
                                  _kernel_mem_hep                      H'00408C76           DAT
                                  _kernel_min_excno                    H'00002AC4           DAT
                                  _kernel_min_intno                    H'00002ABE           DAT
                                  _kernel_mpfcb_cnt                    H'00002AB4           DAT
                                  _kernel_mplcb_cnt                    H'00002AB6           DAT
                                  _kernel_semcb_cnt                    H'00002AAA           DAT



                                  H SERIES LINKAGE EDITOR Ver. 5.3B                      PAGE :     4

                                      ***  LINKAGE EDITOR EXTERNALLY DEFINED SYMBOLS LIST  ***

                                 SYMBOL  NAME                         ADDR                 TYPE

                                  _kernel_semcb_ram                    H'00408C6C           DAT
                                  _kernel_semcb_ram_tbl                H'00400030           DAT
                                  _kernel_semcb_rom                    H'00002AA4           DAT
                                  _kernel_sta_int                      H'00001ED8           ENT
                                  _kernel_systim                       H'00408C86           DAT
                                  _kernel_task_entry                   H'0000148C           ENT
                                  _kernel_tcb_cnt                      H'00002AA2           DAT
                                  _kernel_tcb_ram                      H'00408BCA           DAT
                                  _kernel_tcb_ram_tbl                  H'00400010           DAT
                                  _kernel_tcb_rom                      H'00002A66           DAT
                                  _kernel_tex_entry                    H'00002730           ENT
                                  _kernel_tic_cnt                      H'00400064           DAT
                                  _kernel_tic_deno                     H'00002A5A           DAT
                                  _kernel_tic_div                      H'00002A5E           DAT
                                  _kernel_tic_mod                      H'00002A62           DAT
                                  _kernel_tml_head                     H'00408C7E           DAT
                                  _kernel_tml_ptr                      H'00408C82           DAT
                                  _memset                              H'00002680           ENT
                                  _mknl_adf_que                        H'0000279A           ENT
                                  _mknl_ctx_stat                       H'00408C90           DAT
                                  _mknl_dly_dsp                        H'000027E6           ENT
                                  _mknl_exe_dsp                        H'000021CA           ENT
                                  _mknl_exe_sys                        H'00002244           ENT
                                  _mknl_exe_tex                        H'000022A4           ENT
                                  _mknl_ext_startup                    H'000022E6           ENT
                                  _mknl_idl_loop                       H'00002804           ENT
                                  _mknl_idl_stk                        H'00002A50           DAT
                                  _mknl_idl_stkblk                     H'004008CA           DAT
                                  _mknl_idl_stksz                      H'00002A54           DAT
                                  _mknl_idlctx                         H'00408C92           DAT
                                  _mknl_ini_sys                        H'00002328           ENT
                                  _mknl_rdq_cnt                        H'00002A58           DAT
                                  _mknl_rdq_tbl                        H'0040009E           DAT
                                  _mknl_rmv_que                        H'00002364           ENT
                                  _mknl_rmv_tmout                      H'000023B4           ENT
                                  _mknl_run_mtcb                       H'00400068           DAT
                                  _mknl_srh_top                        H'00002814           ENT
                                  _mknl_sta_startup                    H'00002444           ENT
                                  _mknl_sta_tsk                        H'00002450           ENT
                                  _mknl_ter_tsk                        H'000024BE           ENT
                                  _mknl_tic_tmout                      H'000024E8           ENT
                                  _mknl_timout_head                    H'00408C96           DAT
                                  _mknl_wai_tsk                        H'0000259E           ENT
                                  _mknl_wup_tsk                        H'000025B8           ENT
                                  _preStartHos                         H'000001B4           ENT
                                  _putBYTESCI1                         H'00000728           ENT
                                  _putCharSCI1                         H'00000738           ENT
                                  _putStringSCI1                       H'00000754           ENT
                                  _ref_flg                             H'0000194A           ENT
                                  _set_flg                             H'000019E2           ENT
                                  _slp_tsk                             H'00001AD8           ENT



                                  H SERIES LINKAGE EDITOR Ver. 5.3B                      PAGE :     5

                                      ***  LINKAGE EDITOR EXTERNALLY DEFINED SYMBOLS LIST  ***

                                 SYMBOL  NAME                         ADDR                 TYPE

                                  _sta_cyc                             H'00001B60           ENT
                                  _sta_hos                             H'00001BD8           ENT
                                  _sta_tsk                             H'00001C06           ENT
                                  _startup                             H'00000100           DAT
                                  _tsk_drumRoot                        H'00400070           DAT
                                  _turnOffLed                          H'00000E02           ENT
                                  _turnOnLed                           H'00000DD4           ENT
                                  _wup_tsk                             H'00001CCE           ENT



                                  H SERIES LINKAGE EDITOR Ver. 5.3B                      PAGE :     1

                                      ***  LINKAGE EDITOR DEFINE LIST  ***

                                 UNDEFINE SYMBOL                    DEFINED SYMBOL                     DEFINED VALUE

                                  STACK                                                                 H'00FFFF20
