                                        H SERIES LINKAGE EDITOR Ver. 5.3B


LINK COMMAND LINE


LNK /SUB=link.sub 



LINK SUBCOMMANDS


INPUT   crt0,vector,sample,MinSys3069,kernel_cfg
LIBRARY \Progra~1\h8v2\lib\c38ha
LIBRARY \hos_v4\lib\h83\akih8\h4h83aki
DEFINE  STACK(0FFFF20)
PRINT   sample.map
OUTPUT  sample.abs
ROM     (D,X)
START VECT(0),P,C,D(100),X,B(0400000)
EXIT



                                  H SERIES LINKAGE EDITOR Ver. 5.3B                      PAGE :     1

                                        ***     LINKAGE EDITOR LINK MAP LIST      ***


SECTION   NAME                       START      -      END         LENGTH
                                                              UNIT NAME                          MODULE NAME


ATTRIBUTE  :   DATA  NOSHR

VECT                              H'00000000    -    H'000000FF   H'00000100
                                                              vector                             vector                          

* TOTAL ADDRESS *                 H'00000000    -    H'000000FF   H'00000100


ATTRIBUTE  :   CODE  NOSHR

P                                 H'00000100    -    H'000001B3   H'000000B4
                                                              crt0                               crt0                            
                                  H'000001B4    -    H'000003C9   H'00000216
                                                              sample                             sample                          
                                  H'000003CA    -    H'00000DDB   H'00000A12
                                                              MinSys3069                         MinSys3069                      
                                  H'00000DDC    -    H'00000E7B   H'000000A0
                                                              kernel_cfg                         kernel_cfg                      
                                  H'00000E7C    -    H'00000EB7   H'0000003C
                                                              divul3                             divul3                          
                                  H'00000EB8    -    H'00000ED7   H'00000020
                                                              mull3                              mull3                           
                                  H'00000ED8    -    H'00000EFF   H'00000028
                                                              mvn3                               mvn3                            
                                  H'00000F00    -    H'00000F27   H'00000028
                                                              spregsv3                           spregsv3                        
                                  H'00000F28    -    H'00000F3D   H'00000016
                                                              sprgld23                           sprgld23                        
                                  H'00000F3E    -    H'00000FB7   H'0000007A
                                                              acre_flg                           acre_flg                        
                                  H'00000FB8    -    H'00001029   H'00000072
                                                              acre_tsk                           acre_tsk                        
                                  H'0000102A    -    H'0000113B   H'00000112
                                                              act_tsk                            act_tsk                         
                                  H'0000113C    -    H'000011A7   H'0000006C
                                                              clr_flg                            clr_flg                         
                                  H'000011A8    -    H'00001223   H'0000007C
                                                              dly_tsk                            dly_tsk                         
                                  H'00001224    -    H'00001241   H'0000001E
                                                              ini_mem                            ini_mem                         
                                  H'00001242    -    H'00001281   H'00000040
                                                              ini_sem                            ini_sem                         
                                  H'00001282    -    H'0000130F   H'0000008E
                                                              ini_tsk                            ini_tsk                         
                                  H'00001310    -    H'000013EB   H'000000DC
                                                              isig_tim                           isig_tim                        
                                  H'000013EC    -    H'00001787   H'0000039C
                                                              pacint                             pacint                          



                                  H SERIES LINKAGE EDITOR Ver. 5.3B                      PAGE :     2

                                        ***     LINKAGE EDITOR LINK MAP LIST      ***


SECTION   NAME                       START      -      END         LENGTH
                                                              UNIT NAME                          MODULE NAME


ATTRIBUTE  :   CODE  NOSHR

P                                 H'00001788    -    H'0000181F   H'00000098
                                                              ref_flg                            ref_flg                         
                                  H'00001820    -    H'00001915   H'000000F6
                                                              set_flg                            set_flg                         
                                  H'00001916    -    H'000019C7   H'000000B2
                                                              sig_sem                            sig_sem                         
                                  H'000019C8    -    H'000019F5   H'0000002E
                                                              sta_hos                            sta_hos                         
                                  H'000019F6    -    H'00001AB3   H'000000BE
                                                              wai_sem                            wai_sem                         
                                  H'00001AB4    -    H'00001AF7   H'00000044
                                                              chk_flg                            chk_flg                         
                                  H'00001AF8    -    H'00001B67   H'00000070
                                                              cre_hep                            cre_hep                         
                                  H'00001B68    -    H'00001BFF   H'00000098
                                                              exe_int                            exe_int                         
                                  H'00001C00    -    H'00001CA7   H'000000A8
                                                              ext_tsk                            ext_tsk                         
                                  H'00001CA8    -    H'00001CB9   H'00000012
                                                              ini_tim                            ini_tim                         
                                  H'00001CBA    -    H'00001D21   H'00000068
                                                              kcre_flg                           kcre_flg                        
                                  H'00001D22    -    H'00001E39   H'00000118
                                                              kcre_tsk                           kcre_tsk                        
                                  H'00001E3A    -    H'00001E6D   H'00000034
                                                              kget_tid                           kget_tid                        
                                  H'00001E6E    -    H'00001E91   H'00000024
                                                              madd_que                           madd_que                        
                                  H'00001E92    -    H'00001F61   H'000000D0
                                                              madd_tmo                           madd_tmo                        
                                  H'00001F62    -    H'00001FDB   H'0000007A
                                                              mexe_dsp                           mexe_dsp                        
                                  H'00001FDC    -    H'0000201D   H'00000042
                                                              mexe_tex                           mexe_tex                        
                                  H'0000201E    -    H'0000205F   H'00000042
                                                              mext_stu                           mext_stu                        
                                  H'00002060    -    H'0000209B   H'0000003C
                                                              mini_sys                           mini_sys                        
                                  H'0000209C    -    H'000020EB   H'00000050
                                                              mrmv_que                           mrmv_que                        
                                  H'000020EC    -    H'0000217B   H'00000090
                                                              mrmv_tmo                           mrmv_tmo                        
                                  H'0000217C    -    H'00002187   H'0000000C
                                                              msta_stu                           msta_stu                        
                                  H'00002188    -    H'000021F5   H'0000006E
                                                              msta_tsk                           msta_tsk                        



                                  H SERIES LINKAGE EDITOR Ver. 5.3B                      PAGE :     3

                                        ***     LINKAGE EDITOR LINK MAP LIST      ***


SECTION   NAME                       START      -      END         LENGTH
                                                              UNIT NAME                          MODULE NAME


ATTRIBUTE  :   CODE  NOSHR

P                                 H'000021F6    -    H'000022AB   H'000000B6
                                                              mtic_tmo                           mtic_tmo                        
                                  H'000022AC    -    H'000022C5   H'0000001A
                                                              mwai_tsk                           mwai_tsk                        
                                  H'000022C6    -    H'0000230F   H'0000004A
                                                              mwup_tsk                           mwup_tsk                        
                                  H'00002310    -    H'0000238B   H'0000007C
                                                              pacctx                             pacctx                          
                                  H'0000238C    -    H'0000238D   H'00000002
                                                              pacini                             pacini                          
                                  H'0000238E    -    H'000023B9   H'0000002C
                                                              memset                             memset                          
                                  H'000023BA    -    H'000023D1   H'00000018
                                                              alc_mem                            alc_mem                         
                                  H'000023D2    -    H'0000243B   H'0000006A
                                                              ktex_ent                           ktex_ent                        
                                  H'0000243C    -    H'00002487   H'0000004C
                                                              madf_que                           madf_que                        
                                  H'00002488    -    H'000024FD   H'00000076
                                                              madp_que                           madp_que                        
                                  H'000024FE    -    H'0000251B   H'0000001E
                                                              mdly_dsp                           mdly_dsp                        
                                  H'0000251C    -    H'0000257B   H'00000060
                                                              mexe_sys                           mexe_sys                        
                                  H'0000257C    -    H'0000258B   H'00000010
                                                              midl_lop                           midl_lop                        
                                  H'0000258C    -    H'000025C1   H'00000036
                                                              msrh_top                           msrh_top                        
                                  H'000025C2    -    H'000025EB   H'0000002A
                                                              mter_tsk                           mter_tsk                        
                                  H'000025EC    -    H'0000269D   H'000000B2
                                                              alc_hep                            alc_hep                         

* TOTAL ADDRESS *                 H'00000100    -    H'0000269D   H'0000259E


ATTRIBUTE  :   DATA  NOSHR

C                                 H'0000269E    -    H'000026A1   H'00000004
                                                              crt0                               crt0                            
                                  H'000026A2    -    H'0000273F   H'0000009E
                                                              sample                             sample                          
                                  H'00002740    -    H'00002772   H'00000033
                                                              MinSys3069                         MinSys3069                      
                                  H'00002774    -    H'000027C1   H'0000004E
                                                              kernel_cfg                         kernel_cfg                      



                                  H SERIES LINKAGE EDITOR Ver. 5.3B                      PAGE :     4

                                        ***     LINKAGE EDITOR LINK MAP LIST      ***


SECTION   NAME                       START      -      END         LENGTH
                                                              UNIT NAME                          MODULE NAME

* TOTAL ADDRESS *                 H'0000269E    -    H'000027C1   H'00000124


ATTRIBUTE  :   DATA  NOSHR ROM

D                                 H'000027C2    -    H'000027C2   H'00000000
                                                              crt0                               crt0                            
                                  H'000027C2    -    H'000027CB   H'0000000A
                                                              sample                             sample                          
                                  H'000027CC    -    H'000027FF   H'00000034
                                                              kernel_cfg                         kernel_cfg                      
                                  H'00002800    -    H'00002800   H'00000000
                                                              pacint                             pacint                          
                                  H'00002800    -    H'00002803   H'00000004
                                                              ini_tim                            ini_tim                         
                                  H'00002804    -    H'00002807   H'00000004
                                                              mini_sys                           mini_sys                        
                                  H'00002808    -    H'00002809   H'00000002
                                                              pacini                             pacini                          
                                  H'0000280A    -    H'0000280B   H'00000002
                                                              ram_int                            ram_int                         

* TOTAL ADDRESS *                 H'000027C2    -    H'0000280B   H'0000004A


ATTRIBUTE  :   DATA  NOSHR RAM

X                                 H'00400000    -    H'00400000   H'00000000
                                                              crt0                               crt0                            
                                  H'00400000    -    H'00400009   H'0000000A
                                                              sample                             sample                          
                                  H'0040000A    -    H'0040003D   H'00000034
                                                              kernel_cfg                         kernel_cfg                      
                                  H'0040003E    -    H'0040003E   H'00000000
                                                              pacint                             pacint                          
                                  H'0040003E    -    H'00400041   H'00000004
                                                              ini_tim                            ini_tim                         
                                  H'00400042    -    H'00400045   H'00000004
                                                              mini_sys                           mini_sys                        
                                  H'00400046    -    H'00400047   H'00000002
                                                              pacini                             pacini                          
                                  H'00400048    -    H'00400049   H'00000002
                                                              ram_int                            ram_int                         

* TOTAL ADDRESS *                 H'00400000    -    H'00400049   H'0000004A



                                  H SERIES LINKAGE EDITOR Ver. 5.3B                      PAGE :     5

                                        ***     LINKAGE EDITOR LINK MAP LIST      ***


SECTION   NAME                       START      -      END         LENGTH
                                                              UNIT NAME                          MODULE NAME


ATTRIBUTE  :   DATA  NOSHR

B                                 H'0040004A    -    H'0040004A   H'00000000
                                                              crt0                               crt0                            
                                  H'0040004A    -    H'0040004F   H'00000006
                                                              sample                             sample                          
                                  H'00400050    -    H'00400073   H'00000024
                                                              MinSys3069                         MinSys3069                      
                                  H'00400074    -    H'004089DF   H'0000896C
                                                              kernel_cfg                         kernel_cfg                      
                                  H'004089E0    -    H'004089E7   H'00000008
                                                              ini_mem                            ini_mem                         
                                  H'004089E8    -    H'004089EF   H'00000008
                                                              isig_tim                           isig_tim                        
                                  H'004089F0    -    H'004089F5   H'00000006
                                                              ini_tim                            ini_tim                         
                                  H'004089F6    -    H'004089FB   H'00000006
                                                              mini_sys                           mini_sys                        
                                  H'004089FC    -    H'004089FF   H'00000004
                                                              mtic_tmo                           mtic_tmo                        
                                  H'00408A00    -    H'00408A03   H'00000004
                                                              ram_int                            ram_int                         
                                  H'00408A04    -    H'00408A07   H'00000004
                                                              mexe_sys                           mexe_sys                        

* TOTAL ADDRESS *                 H'0040004A    -    H'00408A07   H'000089BE



                                  H SERIES LINKAGE EDITOR Ver. 5.3B                      PAGE :     1

                                      ***  LINKAGE EDITOR EXTERNALLY DEFINED SYMBOLS LIST  ***

                                 SYMBOL  NAME                         ADDR                 TYPE

                                  $DIVUL$3                             H'00000E7C           DAT
                                  $MULL$3                              H'00000EB8           DAT
                                  $MVN$3                               H'00000ED8           DAT
                                  $sp_regsv$3                          H'00000F00           DAT
                                  $spregld2$3                          H'00000F28           DAT
                                  _ButtonLED                           H'00000330           ENT
                                  _LCD_printf                          H'00000C80           ENT
                                  _LCDclrscr                           H'0000077E           ENT
                                  _LCDgotoxy                           H'00000762           ENT
                                  _LCDputchar                          H'000006C4           ENT
                                  _LCDputs                             H'000006E6           ENT
                                  _OnHosStart                          H'000001CA           ENT
                                  _SCI1_ERI_handler                    H'00000436           ENT
                                  _SCI1_RXI_handler                    H'000003FA           ENT
                                  _SCI1_printf                         H'00000C34           ENT
                                  _SystemTimerHandler                  H'00000DD0           ENT
                                  _acre_flg                            H'00000F3E           ENT
                                  _acre_tsk                            H'00000FB8           ENT
                                  _act_tsk                             H'0000102A           ENT
                                  _check4BitSW                         H'00000D62           ENT
                                  _checkPushSW                         H'00000D36           ENT
                                  _chkgetCharSCI1                      H'000004A2           ENT
                                  _clr_flg                             H'0000113C           ENT
                                  _dly_tsk                             H'000011A8           ENT
                                  _ext_tsk                             H'00001C00           ENT
                                  _flgID                               H'0040004E           DAT
                                  _get4BitSW                           H'00000D5C           ENT
                                  _getCharSCI1                         H'00000444           ENT
                                  _getIntSCI1                          H'0000053E           ENT
                                  _getPushSW                           H'00000D28           ENT
                                  _getStringSCI1                       H'000004F6           ENT
                                  _hos_vector001                       H'000013EC           DAT
                                  _hos_vector002                       H'000013F8           DAT
                                  _hos_vector003                       H'00001404           DAT
                                  _hos_vector004                       H'00001410           DAT
                                  _hos_vector005                       H'0000141C           DAT
                                  _hos_vector006                       H'00001428           DAT
                                  _hos_vector007                       H'00001434           DAT
                                  _hos_vector008                       H'00001440           DAT
                                  _hos_vector009                       H'0000144C           DAT
                                  _hos_vector010                       H'00001458           DAT
                                  _hos_vector011                       H'00001464           DAT
                                  _hos_vector012                       H'00001472           DAT
                                  _hos_vector013                       H'0000147E           DAT
                                  _hos_vector014                       H'0000148A           DAT
                                  _hos_vector015                       H'00001496           DAT
                                  _hos_vector016                       H'000014A2           DAT
                                  _hos_vector017                       H'000014AE           DAT
                                  _hos_vector018                       H'000014BA           DAT
                                  _hos_vector019                       H'000014C6           DAT
                                  _hos_vector020                       H'000014D2           DAT



                                  H SERIES LINKAGE EDITOR Ver. 5.3B                      PAGE :     2

                                      ***  LINKAGE EDITOR EXTERNALLY DEFINED SYMBOLS LIST  ***

                                 SYMBOL  NAME                         ADDR                 TYPE

                                  _hos_vector021                       H'000014DE           DAT
                                  _hos_vector022                       H'000014EA           DAT
                                  _hos_vector023                       H'000014F6           DAT
                                  _hos_vector024                       H'00001502           DAT
                                  _hos_vector025                       H'0000150E           DAT
                                  _hos_vector026                       H'0000151A           DAT
                                  _hos_vector027                       H'00001526           DAT
                                  _hos_vector028                       H'00001532           DAT
                                  _hos_vector029                       H'0000153E           DAT
                                  _hos_vector030                       H'0000154A           DAT
                                  _hos_vector031                       H'00001556           DAT
                                  _hos_vector032                       H'00001562           DAT
                                  _hos_vector033                       H'00001570           DAT
                                  _hos_vector034                       H'0000157C           DAT
                                  _hos_vector035                       H'00001588           DAT
                                  _hos_vector036                       H'00001594           DAT
                                  _hos_vector037                       H'000015A0           DAT
                                  _hos_vector038                       H'000015AC           DAT
                                  _hos_vector039                       H'000015B8           DAT
                                  _hos_vector040                       H'000015C4           DAT
                                  _hos_vector041                       H'000015D0           DAT
                                  _hos_vector042                       H'000015DC           DAT
                                  _hos_vector043                       H'000015E8           DAT
                                  _hos_vector044                       H'000015F4           DAT
                                  _hos_vector045                       H'00001600           DAT
                                  _hos_vector046                       H'0000160C           DAT
                                  _hos_vector047                       H'00001618           DAT
                                  _hos_vector048                       H'00001624           DAT
                                  _hos_vector049                       H'00001630           DAT
                                  _hos_vector050                       H'0000163C           DAT
                                  _hos_vector051                       H'00001648           DAT
                                  _hos_vector052                       H'00001654           DAT
                                  _hos_vector053                       H'00001662           DAT
                                  _hos_vector054                       H'0000166E           DAT
                                  _hos_vector055                       H'0000167A           DAT
                                  _hos_vector056                       H'00001686           DAT
                                  _hos_vector057                       H'00001692           DAT
                                  _hos_vector058                       H'0000169E           DAT
                                  _hos_vector059                       H'000016AA           DAT
                                  _hos_vector060                       H'000016B6           DAT
                                  _hos_vector061                       H'000016C2           DAT
                                  _hos_vector062                       H'000016CE           DAT
                                  _hos_vector063                       H'000016DA           DAT
                                  _hospac_cre_ctx_asm                  H'00002322           DAT
                                  _hospac_dis_int                      H'00002310           DAT
                                  _hospac_ena_int                      H'00002314           DAT
                                  _hospac_ini_sys                      H'0000238C           ENT
                                  _hospac_swi_ctx                      H'00002356           DAT
                                  _idletask                            H'00000DDA           ENT
                                  _initLCD                             H'000006FC           ENT
                                  _initSCI1                            H'000003CA           ENT



                                  H SERIES LINKAGE EDITOR Ver. 5.3B                      PAGE :     3

                                      ***  LINKAGE EDITOR EXTERNALLY DEFINED SYMBOLS LIST  ***

                                 SYMBOL  NAME                         ADDR                 TYPE

                                  _initSystemTimer                     H'00000DC4           ENT
                                  _isig_tim                            H'00001310           ENT
                                  _kernel_alc_hep                      H'000025EC           ENT
                                  _kernel_alc_mem                      H'000023BA           ENT
                                  _kernel_almcb_cnt                    H'000027B6           DAT
                                  _kernel_cfg_init                     H'00000DDC           ENT
                                  _kernel_cfg_start                    H'00000E50           ENT
                                  _kernel_chk_flg                      H'00001AB4           ENT
                                  _kernel_cre_flg                      H'00001CBA           ENT
                                  _kernel_cre_hep                      H'00001AF8           ENT
                                  _kernel_cre_tsk                      H'00001D22           ENT
                                  _kernel_cyccb_cnt                    H'000027B4           DAT
                                  _kernel_dtqcb_cnt                    H'000027AA           DAT
                                  _kernel_end_int                      H'00001B78           ENT
                                  _kernel_exccb_cnt                    H'000027BE           DAT
                                  _kernel_exccb_tbl                    H'0040089C           DAT
                                  _kernel_exe_int                      H'00001B8A           ENT
                                  _kernel_flgcb_cnt                    H'000027A8           DAT
                                  _kernel_flgcb_ram_tbl                H'0040002E           DAT
                                  _kernel_get_tid                      H'00001E3A           ENT
                                  _kernel_h83_ibmsk                    H'00400047           DAT
                                  _kernel_h83_imsk                     H'00400046           DAT
                                  _kernel_heap_mem                     H'00400920           DAT
                                  _kernel_ini_mem                      H'00001224           ENT
                                  _kernel_ini_sem                      H'00001242           ENT
                                  _kernel_ini_tim                      H'00001CA8           ENT
                                  _kernel_ini_tsk                      H'00001282           ENT
                                  _kernel_int_cnt                      H'00400048           DAT
                                  _kernel_int_sp                       H'0000269E           DAT
                                  _kernel_int_ssp                      H'00408A00           DAT
                                  _kernel_intcb_cnt                    H'000027B8           DAT
                                  _kernel_intcb_tbl                    H'00400094           DAT
                                  _kernel_isrcb_cnt                    H'000027BC           DAT
                                  _kernel_mbfcb_cnt                    H'000027AE           DAT
                                  _kernel_mbxcb_cnt                    H'000027AC           DAT
                                  _kernel_mem_hep                      H'004089E0           DAT
                                  _kernel_min_excno                    H'000027C0           DAT
                                  _kernel_min_intno                    H'000027BA           DAT
                                  _kernel_mpfcb_cnt                    H'000027B0           DAT
                                  _kernel_mplcb_cnt                    H'000027B2           DAT
                                  _kernel_semcb_cnt                    H'000027A6           DAT
                                  _kernel_semcb_ram                    H'004089D6           DAT
                                  _kernel_semcb_ram_tbl                H'0040002A           DAT
                                  _kernel_semcb_rom                    H'000027A0           DAT
                                  _kernel_sta_int                      H'00001B68           ENT
                                  _kernel_systim                       H'004089F0           DAT
                                  _kernel_task_entry                   H'000012CA           ENT
                                  _kernel_tcb_cnt                      H'0000279E           DAT
                                  _kernel_tcb_ram                      H'004089A0           DAT
                                  _kernel_tcb_ram_tbl                  H'0040000A           DAT
                                  _kernel_tcb_rom                      H'0000278A           DAT



                                  H SERIES LINKAGE EDITOR Ver. 5.3B                      PAGE :     4

                                      ***  LINKAGE EDITOR EXTERNALLY DEFINED SYMBOLS LIST  ***

                                 SYMBOL  NAME                         ADDR                 TYPE

                                  _kernel_tex_entry                    H'000023D2           ENT
                                  _kernel_tic_cnt                      H'0040003E           DAT
                                  _kernel_tic_deno                     H'0000277E           DAT
                                  _kernel_tic_div                      H'00002782           DAT
                                  _kernel_tic_mod                      H'00002786           DAT
                                  _kernel_tml_head                     H'004089E8           DAT
                                  _kernel_tml_ptr                      H'004089EC           DAT
                                  _memset                              H'0000238E           ENT
                                  _mknl_add_que                        H'00001E6E           ENT
                                  _mknl_add_tmout                      H'00001E92           ENT
                                  _mknl_adf_que                        H'0000243C           ENT
                                  _mknl_adp_que                        H'00002488           ENT
                                  _mknl_ctx_stat                       H'004089F6           DAT
                                  _mknl_dly_dsp                        H'000024FE           ENT
                                  _mknl_exe_dsp                        H'00001F62           ENT
                                  _mknl_exe_sys                        H'0000251C           ENT
                                  _mknl_exe_tex                        H'00001FDC           ENT
                                  _mknl_ext_startup                    H'0000201E           ENT
                                  _mknl_idl_loop                       H'0000257C           ENT
                                  _mknl_idl_stk                        H'00002774           DAT
                                  _mknl_idl_stkblk                     H'004008A0           DAT
                                  _mknl_idl_stksz                      H'00002778           DAT
                                  _mknl_idlctx                         H'004089F8           DAT
                                  _mknl_ini_sys                        H'00002060           ENT
                                  _mknl_rdq_cnt                        H'0000277C           DAT
                                  _mknl_rdq_tbl                        H'00400074           DAT
                                  _mknl_rmv_que                        H'0000209C           ENT
                                  _mknl_rmv_tmout                      H'000020EC           ENT
                                  _mknl_run_mtcb                       H'00400042           DAT
                                  _mknl_srh_top                        H'0000258C           ENT
                                  _mknl_sta_startup                    H'0000217C           ENT
                                  _mknl_sta_tsk                        H'00002188           ENT
                                  _mknl_ter_tsk                        H'000025C2           ENT
                                  _mknl_tic_tmout                      H'000021F6           ENT
                                  _mknl_timout_head                    H'004089FC           DAT
                                  _mknl_wai_tsk                        H'000022AC           ENT
                                  _mknl_wup_tsk                        H'000022C6           ENT
                                  _preStartHos                         H'000001B4           ENT
                                  _primeNumber                         H'00000272           ENT
                                  _putBYTESCI1                         H'00000620           ENT
                                  _putCharSCI1                         H'00000630           ENT
                                  _putStringSCI1                       H'0000064C           ENT
                                  _ref_flg                             H'00001788           ENT
                                  _set_flg                             H'00001820           ENT
                                  _sig_sem                             H'00001916           ENT
                                  _sta_hos                             H'000019C8           ENT
                                  _startup                             H'00000100           DAT
                                  _tskIDA                              H'0040004A           DAT
                                  _tskIDB                              H'0040004C           DAT
                                  _turnOffLed                          H'00000CFA           ENT
                                  _turnOnLed                           H'00000CCC           ENT



                                  H SERIES LINKAGE EDITOR Ver. 5.3B                      PAGE :     5

                                      ***  LINKAGE EDITOR EXTERNALLY DEFINED SYMBOLS LIST  ***

                                 SYMBOL  NAME                         ADDR                 TYPE

                                  _wai_sem                             H'000019F6           ENT



                                  H SERIES LINKAGE EDITOR Ver. 5.3B                      PAGE :     1

                                      ***  LINKAGE EDITOR DEFINE LIST  ***

                                 UNDEFINE SYMBOL                    DEFINED SYMBOL                     DEFINED VALUE

                                  STACK                                                                 H'00FFFF20
