H8S,H8/300 SERIES C COMPILER (Ver. 2.0D for Evaluation)21-Jun-2018  11:40:09  PAGE   1

************ SOURCE LISTING ************

FILE NAME: mon2ex0703.c

  Seq File        Line Pi 0----+----1----+----2----+----3----+----4----+----5----+----6----+----7----+----8----+----9----+----0----+
    1 mon2ex0703     1     unsigned short int x00=0x87;
    2 mon2ex0703     2     unsigned short int x10=0xa;
    3 mon2ex0703     3     unsigned short int y0,y1; /* x00 div x10 = y1 ... y0 */
    4 mon2ex0703     4     
    5 mon2ex0703     5     int main()
    6 mon2ex0703     6     {
    7 mon2ex0703     7         unsigned short int x0,x1,x2,x3;
    8 mon2ex0703     8         x0=x00;
    9 mon2ex0703     9         x1=x10;
   10 mon2ex0703    10         x2=0;
   11 mon2ex0703    11         x3=1;
   12 mon2ex0703    12         while (x1<x0) {
   13 mon2ex0703    13             x1<<=1;
   14 mon2ex0703    14             x3<<=1;
   15 mon2ex0703    15         }
   16 mon2ex0703    16         while (x3!=0) {
   17 mon2ex0703    17             if(x1<=x0) {
   18 mon2ex0703    18                 x0-=x1;
   19 mon2ex0703    19                 x2+=x3;
   20 mon2ex0703    20             }
   21 mon2ex0703    21             x1>>=1;
   22 mon2ex0703    22             x3>>=1;
   23 mon2ex0703    23         }
   24 mon2ex0703    24         y1=x2;
   25 mon2ex0703    25         y0=x0;
   26 mon2ex0703    26     }
H8S,H8/300 SERIES C COMPILER (Ver. 2.0D for Evaluation)21-Jun-2018  11:40:09  PAGE   1

** ASSEMBLER/LINKAGE EDITOR LIMITS INFORMATION **

NUMBER OF EXTERNAL REFERENCE  SYMBOLS:        0 
NUMBER OF EXTERNAL DEFINITION SYMBOLS:        5 
NUMBER OF INTERNAL/EXTERNAL SYMBOLS:         10 



********* CPU MODE INFORMATION *********

cpu=300ha
