                                        H SERIES LINKAGE EDITOR Ver. 5.3B


LINK COMMAND LINE


LNK C:\Progra~1\h8v2\lib\start3048.obj taskstartDemo2 -subcommand=h8_3048.sub -LIB=C:\Progra~1\h8v2\lib\c38ha.lib -O=taskstartDemo2 -P=taskstartDemo2 



LINK SUBCOMMANDS


ROM (D,X)

;ROMエリア＝00000-07fff  8000:32kbytes
;RAMエリア＝fef10-fff0f  1000:4kbytes
START P,C,D(100),X,B(0FFEF10)
EXIT



                                  H SERIES LINKAGE EDITOR Ver. 5.3B                      PAGE :     1

                                        ***     LINKAGE EDITOR LINK MAP LIST      ***


SECTION   NAME                       START      -      END         LENGTH
                                                              UNIT NAME                          MODULE NAME


ATTRIBUTE  :   DATA  NOSHR

VEC                               H'00000000    -    H'00000003   H'00000004
                                                              start3048                          start3048                       

* TOTAL ADDRESS *                 H'00000000    -    H'00000003   H'00000004


ATTRIBUTE  :   DATA  NOSHR

MYVEC                             H'00000070    -    H'00000073   H'00000004
                                                              taskstartDemo2                     taskstartDemo2                  

* TOTAL ADDRESS *                 H'00000070    -    H'00000073   H'00000004


ATTRIBUTE  :   CODE  NOSHR

P                                 H'00000100    -    H'0000015F   H'00000060
                                                              start3048                          start3048                       
                                  H'00000160    -    H'00000EC9   H'00000D6A
                                                              taskstartDemo2                     taskstartDemo2                  
                                  H'00000ECA    -    H'00000F05   H'0000003C
                                                              divul3                             divul3                          
                                  H'00000F06    -    H'00000F2D   H'00000028
                                                              spregsv3                           spregsv3                        
                                  H'00000F2E    -    H'00000F43   H'00000016
                                                              sprgld23                           sprgld23                        

* TOTAL ADDRESS *                 H'00000100    -    H'00000F43   H'00000E44


ATTRIBUTE  :   DATA  NOSHR

C                                 H'00000F44    -    H'00000F57   H'00000014
                                                              start3048                          start3048                       
                                  H'00000F58    -    H'00001039   H'000000E2
                                                              taskstartDemo2                     taskstartDemo2                  

* TOTAL ADDRESS *                 H'00000F44    -    H'00001039   H'000000F6


ATTRIBUTE  :   DATA  NOSHR ROM

D                                 H'0000103A    -    H'0000103A   H'00000000
                                                              start3048                          start3048                       
                                  H'0000103A    -    H'0000104B   H'00000012
                                                              taskstartDemo2                     taskstartDemo2                  



                                  H SERIES LINKAGE EDITOR Ver. 5.3B                      PAGE :     2

                                        ***     LINKAGE EDITOR LINK MAP LIST      ***


SECTION   NAME                       START      -      END         LENGTH
                                                              UNIT NAME                          MODULE NAME

* TOTAL ADDRESS *                 H'0000103A    -    H'0000104B   H'00000012


ATTRIBUTE  :   DATA  NOSHR RAM

X                                 H'00FFEF10    -    H'00FFEF10   H'00000000
                                                              start3048                          start3048                       
                                  H'00FFEF10    -    H'00FFEF21   H'00000012
                                                              taskstartDemo2                     taskstartDemo2                  

* TOTAL ADDRESS *                 H'00FFEF10    -    H'00FFEF21   H'00000012


ATTRIBUTE  :   DATA  NOSHR

B                                 H'00FFEF22    -    H'00FFEF22   H'00000000
                                                              start3048                          start3048                       

* TOTAL ADDRESS *                 H'00FFEF22    -    H'00FFEF22   H'00000000



                                  H SERIES LINKAGE EDITOR Ver. 5.3B                      PAGE :     1

                                      ***  LINKAGE EDITOR EXTERNALLY DEFINED SYMBOLS LIST  ***

                                 SYMBOL  NAME                         ADDR                 TYPE

                                  $DIVUL$3                             H'00000ECA           DAT
                                  $sp_regsv$3                          H'00000F06           DAT
                                  $spregld2$3                          H'00000F2E           DAT
                                  _D_INT                               H'0000015C           DAT
                                  _Device_printf                       H'000006BA           DAT
                                  _E_INT                               H'00000158           DAT
                                  _LCD_printf                          H'00000CBC           DAT
                                  _LCDclrscr                           H'000006AC           DAT
                                  _LCDdevice                           H'00000F7E           DAT
                                  _LCDgotoxy                           H'00000690           DAT
                                  _LCDputchar                          H'000005EC           DAT
                                  _LCDputs                             H'0000060E           DAT
                                  _P1DDR                               H'00FFEF10           DAT
                                  _P2DDR                               H'00FFEF11           DAT
                                  _P3DDR                               H'00FFEF12           DAT
                                  _P4DDR                               H'00FFEF13           DAT
                                  _P5DDR                               H'00FFEF14           DAT
                                  _P6DDR                               H'00FFEF15           DAT
                                  _P7DDR                               H'00FFEF16           DAT
                                  _P8DDR                               H'00FFEF17           DAT
                                  _P9DDR                               H'00FFEF18           DAT
                                  _PADDR                               H'00FFEF19           DAT
                                  _PBDDR                               H'00FFEF1A           DAT
                                  _SCI0_printf                         H'00000C1C           DAT
                                  _SCI0device                          H'00000F7A           DAT
                                  _SCI1_printf                         H'00000C6C           DAT
                                  _SCI1device                          H'00000F7C           DAT
                                  _check8BitSW                         H'00000DAA           DAT
                                  _checkPushSW                         H'00000D6E           DAT
                                  _chkgetCharSCI0                      H'000003C2           DAT
                                  _chkgetCharSCI1                      H'000001AE           DAT
                                  _done                                H'00FFEF20           DAT
                                  _getCharSCI0                         H'0000038E           DAT
                                  _getCharSCI1                         H'0000017A           DAT
                                  _getIntSCI0                          H'00000452           DAT
                                  _getIntSCI1                          H'0000023E           DAT
                                  _getStringSCI0                       H'000003FE           DAT
                                  _getStringSCI1                       H'000001EA           DAT
                                  _hexstring                           H'00000F58           DAT
                                  _init8BitSW                          H'00000D98           DAT
                                  _initLCD                             H'00000626           DAT
                                  _initLed                             H'00000D0C           DAT
                                  _initPushSW                          H'00000D56           DAT
                                  _initSCI0                            H'00000374           DAT
                                  _initSCI1                            H'00000160           DAT
                                  _initTimer01Int                      H'00000E16           DAT
                                  _initTimer1Int                       H'00000DD4           DAT
                                  _lightenLED                          H'00000E98           DAT
                                  _main                                H'00000E38           DAT
                                  _putCharSCI0                         H'00000550           DAT
                                  _putCharSCI1                         H'0000033C           DAT



                                  H SERIES LINKAGE EDITOR Ver. 5.3B                      PAGE :     2

                                      ***  LINKAGE EDITOR EXTERNALLY DEFINED SYMBOLS LIST  ***

                                 SYMBOL  NAME                         ADDR                 TYPE

                                  _putStringSCI0                       H'0000056E           DAT
                                  _putStringSCI1                       H'0000035A           DAT
                                  _turnOffLed                          H'00000D3A           DAT
                                  _turnOnLed                           H'00000D1E           DAT
