                                        H SERIES LINKAGE EDITOR Ver. 5.3B


LINK COMMAND LINE


LNK /SUB=link.sub 



LINK SUBCOMMANDS


INPUT   crt0,vector,sample,MinSys3069,kernel_cfg
LIBRARY \Progra~1\h8v2\lib\c38ha
LIBRARY \hos_v4\lib\h83\akih8\h4h83aki
DEFINE  STACK(0FFFF20)
PRINT   sample.map
OUTPUT  sample.abs
ROM     (D,X)
START VECT(0),P,C,D(100),X,B(0400000)
EXIT



                                  H SERIES LINKAGE EDITOR Ver. 5.3B                      PAGE :     1

                                        ***     LINKAGE EDITOR LINK MAP LIST      ***


SECTION   NAME                       START      -      END         LENGTH
                                                              UNIT NAME                          MODULE NAME


ATTRIBUTE  :   DATA  NOSHR

VECT                              H'00000000    -    H'000000FF   H'00000100
                                                              vector                             vector                          

* TOTAL ADDRESS *                 H'00000000    -    H'000000FF   H'00000100


ATTRIBUTE  :   CODE  NOSHR

P                                 H'00000100    -    H'000001B3   H'000000B4
                                                              crt0                               crt0                            
                                  H'000001B4    -    H'000002EF   H'0000013C
                                                              sample                             sample                          
                                  H'000002F0    -    H'00000D01   H'00000A12
                                                              MinSys3069                         MinSys3069                      
                                  H'00000D02    -    H'00000D8F   H'0000008E
                                                              kernel_cfg                         kernel_cfg                      
                                  H'00000D90    -    H'00000DCB   H'0000003C
                                                              divul3                             divul3                          
                                  H'00000DCC    -    H'00000DEB   H'00000020
                                                              mull3                              mull3                           
                                  H'00000DEC    -    H'00000E13   H'00000028
                                                              mvn3                               mvn3                            
                                  H'00000E14    -    H'00000E3B   H'00000028
                                                              spregsv3                           spregsv3                        
                                  H'00000E3C    -    H'00000E51   H'00000016
                                                              sprgld23                           sprgld23                        
                                  H'00000E52    -    H'00000EC3   H'00000072
                                                              acre_tsk                           acre_tsk                        
                                  H'00000EC4    -    H'00000FD5   H'00000112
                                                              act_tsk                            act_tsk                         
                                  H'00000FD6    -    H'00001051   H'0000007C
                                                              dly_tsk                            dly_tsk                         
                                  H'00001052    -    H'0000108B   H'0000003A
                                                              get_tim                            get_tim                         
                                  H'0000108C    -    H'000010A9   H'0000001E
                                                              ini_mem                            ini_mem                         
                                  H'000010AA    -    H'00001137   H'0000008E
                                                              ini_tsk                            ini_tsk                         
                                  H'00001138    -    H'00001213   H'000000DC
                                                              isig_tim                           isig_tim                        
                                  H'00001214    -    H'000015AF   H'0000039C
                                                              pacint                             pacint                          
                                  H'000015B0    -    H'000015DD   H'0000002E
                                                              sta_hos                            sta_hos                         
                                  H'000015DE    -    H'0000164D   H'00000070
                                                              cre_hep                            cre_hep                         



                                  H SERIES LINKAGE EDITOR Ver. 5.3B                      PAGE :     2

                                        ***     LINKAGE EDITOR LINK MAP LIST      ***


SECTION   NAME                       START      -      END         LENGTH
                                                              UNIT NAME                          MODULE NAME


ATTRIBUTE  :   CODE  NOSHR

P                                 H'0000164E    -    H'000016E5   H'00000098
                                                              exe_int                            exe_int                         
                                  H'000016E6    -    H'0000178D   H'000000A8
                                                              ext_tsk                            ext_tsk                         
                                  H'0000178E    -    H'0000179F   H'00000012
                                                              ini_tim                            ini_tim                         
                                  H'000017A0    -    H'000018B7   H'00000118
                                                              kcre_tsk                           kcre_tsk                        
                                  H'000018B8    -    H'00001987   H'000000D0
                                                              madd_tmo                           madd_tmo                        
                                  H'00001988    -    H'00001A01   H'0000007A
                                                              mexe_dsp                           mexe_dsp                        
                                  H'00001A02    -    H'00001A43   H'00000042
                                                              mexe_tex                           mexe_tex                        
                                  H'00001A44    -    H'00001A85   H'00000042
                                                              mext_stu                           mext_stu                        
                                  H'00001A86    -    H'00001AC1   H'0000003C
                                                              mini_sys                           mini_sys                        
                                  H'00001AC2    -    H'00001ACD   H'0000000C
                                                              msta_stu                           msta_stu                        
                                  H'00001ACE    -    H'00001B3B   H'0000006E
                                                              msta_tsk                           msta_tsk                        
                                  H'00001B3C    -    H'00001BF1   H'000000B6
                                                              mtic_tmo                           mtic_tmo                        
                                  H'00001BF2    -    H'00001C0B   H'0000001A
                                                              mwai_tsk                           mwai_tsk                        
                                  H'00001C0C    -    H'00001C87   H'0000007C
                                                              pacctx                             pacctx                          
                                  H'00001C88    -    H'00001C89   H'00000002
                                                              pacini                             pacini                          
                                  H'00001C8A    -    H'00001CB5   H'0000002C
                                                              memset                             memset                          
                                  H'00001CB6    -    H'00001CCD   H'00000018
                                                              alc_mem                            alc_mem                         
                                  H'00001CCE    -    H'00001D37   H'0000006A
                                                              ktex_ent                           ktex_ent                        
                                  H'00001D38    -    H'00001D83   H'0000004C
                                                              madf_que                           madf_que                        
                                  H'00001D84    -    H'00001DA1   H'0000001E
                                                              mdly_dsp                           mdly_dsp                        
                                  H'00001DA2    -    H'00001E01   H'00000060
                                                              mexe_sys                           mexe_sys                        
                                  H'00001E02    -    H'00001E11   H'00000010
                                                              midl_lop                           midl_lop                        
                                  H'00001E12    -    H'00001E61   H'00000050
                                                              mrmv_que                           mrmv_que                        



                                  H SERIES LINKAGE EDITOR Ver. 5.3B                      PAGE :     3

                                        ***     LINKAGE EDITOR LINK MAP LIST      ***


SECTION   NAME                       START      -      END         LENGTH
                                                              UNIT NAME                          MODULE NAME


ATTRIBUTE  :   CODE  NOSHR

P                                 H'00001E62    -    H'00001E97   H'00000036
                                                              msrh_top                           msrh_top                        
                                  H'00001E98    -    H'00001EC1   H'0000002A
                                                              mter_tsk                           mter_tsk                        
                                  H'00001EC2    -    H'00001F0B   H'0000004A
                                                              mwup_tsk                           mwup_tsk                        
                                  H'00001F0C    -    H'00001FBD   H'000000B2
                                                              alc_hep                            alc_hep                         
                                  H'00001FBE    -    H'0000204D   H'00000090
                                                              mrmv_tmo                           mrmv_tmo                        

* TOTAL ADDRESS *                 H'00000100    -    H'0000204D   H'00001F4E


ATTRIBUTE  :   DATA  NOSHR

C                                 H'0000204E    -    H'00002051   H'00000004
                                                              crt0                               crt0                            
                                  H'00002052    -    H'000020D9   H'00000088
                                                              sample                             sample                          
                                  H'000020DA    -    H'0000210C   H'00000033
                                                              MinSys3069                         MinSys3069                      
                                  H'0000210E    -    H'00002155   H'00000048
                                                              kernel_cfg                         kernel_cfg                      

* TOTAL ADDRESS *                 H'0000204E    -    H'00002155   H'00000108


ATTRIBUTE  :   DATA  NOSHR ROM

D                                 H'00002156    -    H'00002156   H'00000000
                                                              crt0                               crt0                            
                                  H'00002156    -    H'00002175   H'00000020
                                                              kernel_cfg                         kernel_cfg                      
                                  H'00002176    -    H'00002176   H'00000000
                                                              pacint                             pacint                          
                                  H'00002176    -    H'00002179   H'00000004
                                                              ini_tim                            ini_tim                         
                                  H'0000217A    -    H'0000217D   H'00000004
                                                              mini_sys                           mini_sys                        
                                  H'0000217E    -    H'0000217F   H'00000002
                                                              pacini                             pacini                          
                                  H'00002180    -    H'00002181   H'00000002
                                                              ram_int                            ram_int                         

* TOTAL ADDRESS *                 H'00002156    -    H'00002181   H'0000002C



                                  H SERIES LINKAGE EDITOR Ver. 5.3B                      PAGE :     4

                                        ***     LINKAGE EDITOR LINK MAP LIST      ***


SECTION   NAME                       START      -      END         LENGTH
                                                              UNIT NAME                          MODULE NAME


ATTRIBUTE  :   DATA  NOSHR RAM

X                                 H'00400000    -    H'00400000   H'00000000
                                                              crt0                               crt0                            
                                  H'00400000    -    H'0040001F   H'00000020
                                                              kernel_cfg                         kernel_cfg                      
                                  H'00400020    -    H'00400020   H'00000000
                                                              pacint                             pacint                          
                                  H'00400020    -    H'00400023   H'00000004
                                                              ini_tim                            ini_tim                         
                                  H'00400024    -    H'00400027   H'00000004
                                                              mini_sys                           mini_sys                        
                                  H'00400028    -    H'00400029   H'00000002
                                                              pacini                             pacini                          
                                  H'0040002A    -    H'0040002B   H'00000002
                                                              ram_int                            ram_int                         

* TOTAL ADDRESS *                 H'00400000    -    H'0040002B   H'0000002C


ATTRIBUTE  :   DATA  NOSHR

B                                 H'0040002C    -    H'0040002C   H'00000000
                                                              crt0                               crt0                            
                                  H'0040002C    -    H'0040002F   H'00000004
                                                              sample                             sample                          
                                  H'00400030    -    H'00400053   H'00000024
                                                              MinSys3069                         MinSys3069                      
                                  H'00400054    -    H'00407EE5   H'00007E92
                                                              kernel_cfg                         kernel_cfg                      
                                  H'00407EE6    -    H'00407EED   H'00000008
                                                              ini_mem                            ini_mem                         
                                  H'00407EEE    -    H'00407EF5   H'00000008
                                                              isig_tim                           isig_tim                        
                                  H'00407EF6    -    H'00407EFB   H'00000006
                                                              ini_tim                            ini_tim                         
                                  H'00407EFC    -    H'00407F01   H'00000006
                                                              mini_sys                           mini_sys                        
                                  H'00407F02    -    H'00407F05   H'00000004
                                                              mtic_tmo                           mtic_tmo                        
                                  H'00407F06    -    H'00407F09   H'00000004
                                                              ram_int                            ram_int                         
                                  H'00407F0A    -    H'00407F0D   H'00000004
                                                              mexe_sys                           mexe_sys                        

* TOTAL ADDRESS *                 H'0040002C    -    H'00407F0D   H'00007EE2



                                  H SERIES LINKAGE EDITOR Ver. 5.3B                      PAGE :     1

                                      ***  LINKAGE EDITOR EXTERNALLY DEFINED SYMBOLS LIST  ***

                                 SYMBOL  NAME                         ADDR                 TYPE

                                  $DIVUL$3                             H'00000D90           DAT
                                  $MULL$3                              H'00000DCC           DAT
                                  $MVN$3                               H'00000DEC           DAT
                                  $sp_regsv$3                          H'00000E14           DAT
                                  $spregld2$3                          H'00000E3C           DAT
                                  _LCD_printf                          H'00000BA6           ENT
                                  _LCDclrscr                           H'000006A4           ENT
                                  _LCDgotoxy                           H'00000688           ENT
                                  _LCDputchar                          H'000005EA           ENT
                                  _LCDputs                             H'0000060C           ENT
                                  _OnHosStart                          H'000001CA           ENT
                                  _SCI1_ERI_handler                    H'0000035C           ENT
                                  _SCI1_RXI_handler                    H'00000320           ENT
                                  _SCI1_printf                         H'00000B5A           ENT
                                  _SystemTimerHandler                  H'00000CF6           ENT
                                  _acre_tsk                            H'00000E52           ENT
                                  _act_tsk                             H'00000EC4           ENT
                                  _check4BitSW                         H'00000C88           ENT
                                  _checkPushSW                         H'00000C5C           ENT
                                  _chkgetCharSCI1                      H'000003C8           ENT
                                  _dly_tsk                             H'00000FD6           ENT
                                  _ext_tsk                             H'000016E6           ENT
                                  _get4BitSW                           H'00000C82           ENT
                                  _getCharSCI1                         H'0000036A           ENT
                                  _getIntSCI1                          H'00000464           ENT
                                  _getPushSW                           H'00000C4E           ENT
                                  _getStringSCI1                       H'0000041C           ENT
                                  _get_tim                             H'00001052           ENT
                                  _hos_vector001                       H'00001214           DAT
                                  _hos_vector002                       H'00001220           DAT
                                  _hos_vector003                       H'0000122C           DAT
                                  _hos_vector004                       H'00001238           DAT
                                  _hos_vector005                       H'00001244           DAT
                                  _hos_vector006                       H'00001250           DAT
                                  _hos_vector007                       H'0000125C           DAT
                                  _hos_vector008                       H'00001268           DAT
                                  _hos_vector009                       H'00001274           DAT
                                  _hos_vector010                       H'00001280           DAT
                                  _hos_vector011                       H'0000128C           DAT
                                  _hos_vector012                       H'0000129A           DAT
                                  _hos_vector013                       H'000012A6           DAT
                                  _hos_vector014                       H'000012B2           DAT
                                  _hos_vector015                       H'000012BE           DAT
                                  _hos_vector016                       H'000012CA           DAT
                                  _hos_vector017                       H'000012D6           DAT
                                  _hos_vector018                       H'000012E2           DAT
                                  _hos_vector019                       H'000012EE           DAT
                                  _hos_vector020                       H'000012FA           DAT
                                  _hos_vector021                       H'00001306           DAT
                                  _hos_vector022                       H'00001312           DAT
                                  _hos_vector023                       H'0000131E           DAT



                                  H SERIES LINKAGE EDITOR Ver. 5.3B                      PAGE :     2

                                      ***  LINKAGE EDITOR EXTERNALLY DEFINED SYMBOLS LIST  ***

                                 SYMBOL  NAME                         ADDR                 TYPE

                                  _hos_vector024                       H'0000132A           DAT
                                  _hos_vector025                       H'00001336           DAT
                                  _hos_vector026                       H'00001342           DAT
                                  _hos_vector027                       H'0000134E           DAT
                                  _hos_vector028                       H'0000135A           DAT
                                  _hos_vector029                       H'00001366           DAT
                                  _hos_vector030                       H'00001372           DAT
                                  _hos_vector031                       H'0000137E           DAT
                                  _hos_vector032                       H'0000138A           DAT
                                  _hos_vector033                       H'00001398           DAT
                                  _hos_vector034                       H'000013A4           DAT
                                  _hos_vector035                       H'000013B0           DAT
                                  _hos_vector036                       H'000013BC           DAT
                                  _hos_vector037                       H'000013C8           DAT
                                  _hos_vector038                       H'000013D4           DAT
                                  _hos_vector039                       H'000013E0           DAT
                                  _hos_vector040                       H'000013EC           DAT
                                  _hos_vector041                       H'000013F8           DAT
                                  _hos_vector042                       H'00001404           DAT
                                  _hos_vector043                       H'00001410           DAT
                                  _hos_vector044                       H'0000141C           DAT
                                  _hos_vector045                       H'00001428           DAT
                                  _hos_vector046                       H'00001434           DAT
                                  _hos_vector047                       H'00001440           DAT
                                  _hos_vector048                       H'0000144C           DAT
                                  _hos_vector049                       H'00001458           DAT
                                  _hos_vector050                       H'00001464           DAT
                                  _hos_vector051                       H'00001470           DAT
                                  _hos_vector052                       H'0000147C           DAT
                                  _hos_vector053                       H'0000148A           DAT
                                  _hos_vector054                       H'00001496           DAT
                                  _hos_vector055                       H'000014A2           DAT
                                  _hos_vector056                       H'000014AE           DAT
                                  _hos_vector057                       H'000014BA           DAT
                                  _hos_vector058                       H'000014C6           DAT
                                  _hos_vector059                       H'000014D2           DAT
                                  _hos_vector060                       H'000014DE           DAT
                                  _hos_vector061                       H'000014EA           DAT
                                  _hos_vector062                       H'000014F6           DAT
                                  _hos_vector063                       H'00001502           DAT
                                  _hospac_cre_ctx_asm                  H'00001C1E           DAT
                                  _hospac_dis_int                      H'00001C0C           DAT
                                  _hospac_ena_int                      H'00001C10           DAT
                                  _hospac_ini_sys                      H'00001C88           ENT
                                  _hospac_swi_ctx                      H'00001C52           DAT
                                  _idletask                            H'00000D00           ENT
                                  _initLCD                             H'00000622           ENT
                                  _initSCI1                            H'000002F0           ENT
                                  _initSystemTimer                     H'00000CEA           ENT
                                  _isig_tim                            H'00001138           ENT
                                  _kernel_alc_hep                      H'00001F0C           ENT



                                  H SERIES LINKAGE EDITOR Ver. 5.3B                      PAGE :     3

                                      ***  LINKAGE EDITOR EXTERNALLY DEFINED SYMBOLS LIST  ***

                                 SYMBOL  NAME                         ADDR                 TYPE

                                  _kernel_alc_mem                      H'00001CB6           ENT
                                  _kernel_almcb_cnt                    H'0000214A           DAT
                                  _kernel_cfg_init                     H'00000D02           ENT
                                  _kernel_cfg_start                    H'00000D68           ENT
                                  _kernel_cre_hep                      H'000015DE           ENT
                                  _kernel_cre_tsk                      H'000017A0           ENT
                                  _kernel_cyccb_cnt                    H'00002148           DAT
                                  _kernel_dtqcb_cnt                    H'0000213E           DAT
                                  _kernel_end_int                      H'0000165E           ENT
                                  _kernel_exccb_cnt                    H'00002152           DAT
                                  _kernel_exccb_tbl                    H'0040087C           DAT
                                  _kernel_exe_int                      H'00001670           ENT
                                  _kernel_flgcb_cnt                    H'0000213C           DAT
                                  _kernel_h83_ibmsk                    H'00400029           DAT
                                  _kernel_h83_imsk                     H'00400028           DAT
                                  _kernel_heap_mem                     H'00400900           DAT
                                  _kernel_ini_mem                      H'0000108C           ENT
                                  _kernel_ini_tim                      H'0000178E           ENT
                                  _kernel_ini_tsk                      H'000010AA           ENT
                                  _kernel_int_cnt                      H'0040002A           DAT
                                  _kernel_int_sp                       H'0000204E           DAT
                                  _kernel_int_ssp                      H'00407F06           DAT
                                  _kernel_intcb_cnt                    H'0000214C           DAT
                                  _kernel_intcb_tbl                    H'00400074           DAT
                                  _kernel_isrcb_cnt                    H'00002150           DAT
                                  _kernel_mbfcb_cnt                    H'00002142           DAT
                                  _kernel_mbxcb_cnt                    H'00002140           DAT
                                  _kernel_mem_hep                      H'00407EE6           DAT
                                  _kernel_min_excno                    H'00002154           DAT
                                  _kernel_min_intno                    H'0000214E           DAT
                                  _kernel_mpfcb_cnt                    H'00002144           DAT
                                  _kernel_mplcb_cnt                    H'00002146           DAT
                                  _kernel_semcb_cnt                    H'0000213A           DAT
                                  _kernel_sta_int                      H'0000164E           ENT
                                  _kernel_systim                       H'00407EF6           DAT
                                  _kernel_task_entry                   H'000010F2           ENT
                                  _kernel_tcb_cnt                      H'00002138           DAT
                                  _kernel_tcb_ram                      H'00407EB0           DAT
                                  _kernel_tcb_ram_tbl                  H'00400000           DAT
                                  _kernel_tcb_rom                      H'00002124           DAT
                                  _kernel_tex_entry                    H'00001CCE           ENT
                                  _kernel_tic_cnt                      H'00400020           DAT
                                  _kernel_tic_deno                     H'00002118           DAT
                                  _kernel_tic_div                      H'0000211C           DAT
                                  _kernel_tic_mod                      H'00002120           DAT
                                  _kernel_tml_head                     H'00407EEE           DAT
                                  _kernel_tml_ptr                      H'00407EF2           DAT
                                  _memset                              H'00001C8A           ENT
                                  _mknl_add_tmout                      H'000018B8           ENT
                                  _mknl_adf_que                        H'00001D38           ENT
                                  _mknl_ctx_stat                       H'00407EFC           DAT



                                  H SERIES LINKAGE EDITOR Ver. 5.3B                      PAGE :     4

                                      ***  LINKAGE EDITOR EXTERNALLY DEFINED SYMBOLS LIST  ***

                                 SYMBOL  NAME                         ADDR                 TYPE

                                  _mknl_dly_dsp                        H'00001D84           ENT
                                  _mknl_exe_dsp                        H'00001988           ENT
                                  _mknl_exe_sys                        H'00001DA2           ENT
                                  _mknl_exe_tex                        H'00001A02           ENT
                                  _mknl_ext_startup                    H'00001A44           ENT
                                  _mknl_idl_loop                       H'00001E02           ENT
                                  _mknl_idl_stk                        H'0000210E           DAT
                                  _mknl_idl_stkblk                     H'00400880           DAT
                                  _mknl_idl_stksz                      H'00002112           DAT
                                  _mknl_idlctx                         H'00407EFE           DAT
                                  _mknl_ini_sys                        H'00001A86           ENT
                                  _mknl_rdq_cnt                        H'00002116           DAT
                                  _mknl_rdq_tbl                        H'00400054           DAT
                                  _mknl_rmv_que                        H'00001E12           ENT
                                  _mknl_rmv_tmout                      H'00001FBE           ENT
                                  _mknl_run_mtcb                       H'00400024           DAT
                                  _mknl_srh_top                        H'00001E62           ENT
                                  _mknl_sta_startup                    H'00001AC2           ENT
                                  _mknl_sta_tsk                        H'00001ACE           ENT
                                  _mknl_ter_tsk                        H'00001E98           ENT
                                  _mknl_tic_tmout                      H'00001B3C           ENT
                                  _mknl_timout_head                    H'00407F02           DAT
                                  _mknl_wai_tsk                        H'00001BF2           ENT
                                  _mknl_wup_tsk                        H'00001EC2           ENT
                                  _preStartHos                         H'000001B4           ENT
                                  _primeNumber                         H'0000027C           ENT
                                  _printTime                           H'0000024A           ENT
                                  _putBYTESCI1                         H'00000546           ENT
                                  _putCharSCI1                         H'00000556           ENT
                                  _putStringSCI1                       H'00000572           ENT
                                  _sta_hos                             H'000015B0           ENT
                                  _startup                             H'00000100           DAT
                                  _tskID1                              H'0040002C           DAT
                                  _tskID2                              H'0040002E           DAT
                                  _turnOffLed                          H'00000C20           ENT
                                  _turnOnLed                           H'00000BF2           ENT



                                  H SERIES LINKAGE EDITOR Ver. 5.3B                      PAGE :     1

                                      ***  LINKAGE EDITOR DEFINE LIST  ***

                                 UNDEFINE SYMBOL                    DEFINED SYMBOL                     DEFINED VALUE

                                  STACK                                                                 H'00FFFF20
