H8S,H8/300 SERIES C COMPILER (Ver. 2.0D for Evaluation)18-Jun-2018  12:24:50  PAGE   1

************ SOURCE LISTING ************

FILE NAME: mon2ex0701.c

  Seq File        Line Pi 0----+----1----+----2----+----3----+----4----+----5----+----6----+----7----+----8----+----9----+----0----+
    1 mon2ex0701     1     short int x00=0x87;
    2 mon2ex0701     2     short int x10=0xa;
    3 mon2ex0701     3     short int y0,y1; /* x00 div x10 = y1 ... y0 */
    4 mon2ex0701     4     
    5 mon2ex0701     5     int main()
    6 mon2ex0701     6     {
    7 mon2ex0701     7         short int x0,x1,x2,x3;
    8 mon2ex0701     8         x0=x00;
    9 mon2ex0701     9         x1=x10;
   10 mon2ex0701    10         x2=0;
   11 mon2ex0701    11         x3=1;
   12 mon2ex0701    12         while (x1<x0) {
   13 mon2ex0701    13             x1<<=1;
   14 mon2ex0701    14             x3<<=1;
   15 mon2ex0701    15         }
   16 mon2ex0701    16         while (x3!=0) {
   17 mon2ex0701    17             if(x1<=x0) {
   18 mon2ex0701    18                 x0-=x1;
   19 mon2ex0701    19                 x2+=x3;
   20 mon2ex0701    20             }
   21 mon2ex0701    21             x1>>=1;
   22 mon2ex0701    22             x3>>=1;
   23 mon2ex0701    23         }
   24 mon2ex0701    24         y1=x2;
   25 mon2ex0701    25         y0=x0;
   26 mon2ex0701    26     }
H8S,H8/300 SERIES C COMPILER (Ver. 2.0D for Evaluation)18-Jun-2018  12:24:50  PAGE   1

** ASSEMBLER/LINKAGE EDITOR LIMITS INFORMATION **

NUMBER OF EXTERNAL REFERENCE  SYMBOLS:        0 
NUMBER OF EXTERNAL DEFINITION SYMBOLS:        5 
NUMBER OF INTERNAL/EXTERNAL SYMBOLS:         10 



********* CPU MODE INFORMATION *********

cpu=300ha
